Component: ARM Compiler 5.06 update 6 (build 750) Tool: armlink [4d35ed]

==============================================================================

Section Cross References

    main.o(i.EXTI4_IRQHandler) refers to stm32f10x_gpio.o(i.GPIO_ReadInputDataBit) for GPIO_ReadInputDataBit
    main.o(i.EXTI4_IRQHandler) refers to dflti.o(.text) for __aeabi_i2d
    main.o(i.EXTI4_IRQHandler) refers to dmul.o(.text) for __aeabi_dmul
    main.o(i.EXTI4_IRQHandler) refers to d2f.o(.text) for __aeabi_d2f
    main.o(i.EXTI4_IRQHandler) refers to main.o(i.H_Kalman) for H_Kalman
    main.o(i.EXTI4_IRQHandler) refers to fadd.o(.text) for __aeabi_fsub
    main.o(i.EXTI4_IRQHandler) refers to f2d.o(.text) for __aeabi_f2d
    main.o(i.EXTI4_IRQHandler) refers to cdrcmple.o(.text) for __aeabi_cdrcmple
    main.o(i.EXTI4_IRQHandler) refers to stm32f10x_exti.o(i.EXTI_ClearITPendingBit) for EXTI_ClearITPendingBit
    main.o(i.EXTI4_IRQHandler) refers to main.o(.data) for sys_t
    main.o(i.H_Kalman) refers to f2d.o(.text) for __aeabi_f2d
    main.o(i.H_Kalman) refers to dadd.o(.text) for __aeabi_dadd
    main.o(i.H_Kalman) refers to d2f.o(.text) for __aeabi_d2f
    main.o(i.H_Kalman) refers to fadd.o(.text) for __aeabi_fadd
    main.o(i.H_Kalman) refers to fdiv.o(.text) for __aeabi_fdiv
    main.o(i.H_Kalman) refers to fmul.o(.text) for __aeabi_fmul
    main.o(i.H_Kalman) refers to main.o(.data) for P0_0
    main.o(i.TIM3_IRQHandler) refers to stm32f10x_tim.o(i.TIM_ClearITPendingBit) for TIM_ClearITPendingBit
    main.o(i.TIM3_IRQHandler) refers to stm32f10x_gpio.o(i.GPIO_ResetBits) for GPIO_ResetBits
    main.o(i.TIM3_IRQHandler) refers to mpu9250.o(i.READ_MPU9250_ACCEL_GYRO) for READ_MPU9250_ACCEL_GYRO
    main.o(i.TIM3_IRQHandler) refers to mpu9250.o(i.Multiple_Read_HMC5883L) for Multiple_Read_HMC5883L
    main.o(i.TIM3_IRQHandler) refers to cxw_attitude_algorithm.o(i.Get_Angle) for Get_Angle
    main.o(i.TIM3_IRQHandler) refers to main.o(i.get_hight) for get_hight
    main.o(i.TIM3_IRQHandler) refers to control.o(i.control) for control
    main.o(i.TIM3_IRQHandler) refers to main.o(.data) for ctrl
    main.o(i.TIM4_IRQHandler) refers to stm32f10x_tim.o(i.TIM_ClearITPendingBit) for TIM_ClearITPendingBit
    main.o(i.TIM4_IRQHandler) refers to main.o(.data) for sys_t
    main.o(i.USART1_IRQHandler) refers to stm32f10x_usart.o(i.USART_ClearFlag) for USART_ClearFlag
    main.o(i.USART1_IRQHandler) refers to main.o(.data) for instruction_flag
    main.o(i.get_hight) refers to stm32f10x_gpio.o(i.GPIO_SetBits) for GPIO_SetBits
    main.o(i.get_hight) refers to systick.o(i.delay_us) for delay_us
    main.o(i.get_hight) refers to stm32f10x_gpio.o(i.GPIO_ResetBits) for GPIO_ResetBits
    main.o(i.get_hight) refers to main.o(.data) for f
    main.o(i.key_down) refers to stm32f10x_gpio.o(i.GPIO_ReadInputDataBit) for GPIO_ReadInputDataBit
    main.o(i.key_down) refers to tft.o(i.LCD_Clear) for LCD_Clear
    main.o(i.key_down) refers to stm32f10x_gpio.o(i.GPIO_ResetBits) for GPIO_ResetBits
    main.o(i.key_down) refers to systick.o(i.delay_ms) for delay_ms
    main.o(i.key_down) refers to stm32f10x_gpio.o(i.GPIO_SetBits) for GPIO_SetBits
    main.o(i.key_down_up) refers to stm32f10x_gpio.o(i.GPIO_ReadInputDataBit) for GPIO_ReadInputDataBit
    main.o(i.key_down_up) refers to systick.o(i.delay_ms) for delay_ms
    main.o(i.key_down_up) refers to stm32f10x_gpio.o(i.GPIO_ResetBits) for GPIO_ResetBits
    main.o(i.key_down_up) refers to stm32f10x_gpio.o(i.GPIO_SetBits) for GPIO_SetBits
    main.o(i.key_down_up) refers to tft.o(i.LCD_Clear) for LCD_Clear
    main.o(i.main) refers to tft.o(i.LCD_Init) for LCD_Init
    main.o(i.main) refers to stm32f10x_rcc.o(i.RCC_APB2PeriphClockCmd) for RCC_APB2PeriphClockCmd
    main.o(i.main) refers to stm32f10x_gpio.o(i.GPIO_Init) for GPIO_Init
    main.o(i.main) refers to stm32f10x_gpio.o(i.GPIO_SetBits) for GPIO_SetBits
    main.o(i.main) refers to stm32f10x_gpio.o(i.GPIO_ResetBits) for GPIO_ResetBits
    main.o(i.main) refers to misc.o(i.NVIC_Init) for NVIC_Init
    main.o(i.main) refers to misc.o(i.NVIC_PriorityGroupConfig) for NVIC_PriorityGroupConfig
    main.o(i.main) refers to usart1.o(i.USART1_Config) for USART1_Config
    main.o(i.main) refers to tft.o(i.LCD_ShowString) for LCD_ShowString
    main.o(i.main) refers to main.o(i.key_down_up) for key_down_up
    main.o(i.main) refers to moto.o(i.Moto_Init) for Moto_Init
    main.o(i.main) refers to mpu9250.o(i.Init_MPU9250) for Init_MPU9250
    main.o(i.main) refers to mpu9250.o(i.Init_HMC5883L) for Init_HMC5883L
    main.o(i.main) refers to mpu9250.o(i.calculate_mpu_G) for calculate_mpu_G
    main.o(i.main) refers to mpu9250.o(i.calculate_mpu_M) for calculate_mpu_M
    main.o(i.main) refers to f2d.o(.text) for __aeabi_f2d
    main.o(i.main) refers to tft.o(i.LCD_show_float) for LCD_show_float
    main.o(i.main) refers to main.o(i.key_down) for key_down
[...]
    Removing stm32f10x_usart.o(i.USART_GetFlagStatus), (26 bytes).
    Removing stm32f10x_usart.o(i.USART_GetITStatus), (84 bytes).
    Removing stm32f10x_usart.o(i.USART_HalfDuplexCmd), (24 bytes).
    Removing stm32f10x_usart.o(i.USART_IrDACmd), (24 bytes).
    Removing stm32f10x_usart.o(i.USART_IrDAConfig), (18 bytes).
    Removing stm32f10x_usart.o(i.USART_LINBreakDetectLengthConfig), (18 bytes).
    Removing stm32f10x_usart.o(i.USART_LINCmd), (24 bytes).
    Removing stm32f10x_usart.o(i.USART_OneBitMethodCmd), (24 bytes).
    Removing stm32f10x_usart.o(i.USART_OverSampling8Cmd), (22 bytes).
    Removing stm32f10x_usart.o(i.USART_ReceiveData), (10 bytes).
    Removing stm32f10x_usart.o(i.USART_ReceiverWakeUpCmd), (24 bytes).
    Removing stm32f10x_usart.o(i.USART_SendBreak), (10 bytes).
    Removing stm32f10x_usart.o(i.USART_SendData), (8 bytes).
    Removing stm32f10x_usart.o(i.USART_SetAddress), (18 bytes).
    Removing stm32f10x_usart.o(i.USART_SetGuardTime), (16 bytes).
    Removing stm32f10x_usart.o(i.USART_SetPrescaler), (16 bytes).
    Removing stm32f10x_usart.o(i.USART_SmartCardCmd), (24 bytes).
    Removing stm32f10x_usart.o(i.USART_SmartCardNACKCmd), (24 bytes).
    Removing stm32f10x_usart.o(i.USART_StructInit), (24 bytes).
    Removing stm32f10x_usart.o(i.USART_WakeUpConfig), (18 bytes).
    Removing startup_stm32f10x_hd.o(HEAP), (512 bytes).
    Removing system_stm32f10x.o(.rev16_text), (4 bytes).
    Removing system_stm32f10x.o(.revsh_text), (4 bytes).
    Removing system_stm32f10x.o(.rrx_text), (6 bytes).
    Removing system_stm32f10x.o(i.SystemCoreClockUpdate), (164 bytes).
    Removing system_stm32f10x.o(.data), (20 bytes).

248 unused section(s) (total 7291 bytes) removed from the image.

==============================================================================

Image Symbol Table

    Local Symbols

    Symbol Name                              Value     Ov Type        Size  Object(Section)

    ../clib/microlib/division.c              0x00000000   Number         0  uldiv.o ABSOLUTE
    ../clib/microlib/division.c              0x00000000   Number         0  ldiv.o ABSOLUTE
    ../clib/microlib/errno.c                 0x00000000   Number         0  errno.o ABSOLUTE
    ../clib/microlib/init/entry.s            0x00000000   Number         0  entry8a.o ABSOLUTE
    ../clib/microlib/init/entry.s            0x00000000   Number         0  entry8b.o ABSOLUTE
    ../clib/microlib/init/entry.s            0x00000000   Number         0  entry9a.o ABSOLUTE
    ../clib/microlib/init/entry.s            0x00000000   Number         0  entry10a.o ABSOLUTE
    ../clib/microlib/init/entry.s            0x00000000   Number         0  entry9b.o ABSOLUTE
    ../clib/microlib/init/entry.s            0x00000000   Number         0  entry10b.o ABSOLUTE
    ../clib/microlib/init/entry.s            0x00000000   Number         0  entry11b.o ABSOLUTE
    ../clib/microlib/init/entry.s            0x00000000   Number         0  entry.o ABSOLUTE
    ../clib/microlib/init/entry.s            0x00000000   Number         0  entry11a.o ABSOLUTE
    ../clib/microlib/init/entry.s            0x00000000   Number         0  entry2.o ABSOLUTE
    ../clib/microlib/init/entry.s            0x00000000   Number         0  entry5.o ABSOLUTE
    ../clib/microlib/init/entry.s            0x00000000   Number         0  entry7a.o ABSOLUTE
    ../clib/microlib/init/entry.s            0x00000000   Number         0  entry7b.o ABSOLUTE
    ../clib/microlib/longlong.c              0x00000000   Number         0  llsshr.o ABSOLUTE
    ../clib/microlib/longlong.c              0x00000000   Number         0  llshl.o ABSOLUTE
    ../clib/microlib/longlong.c              0x00000000   Number         0  llushr.o ABSOLUTE
    ../clib/microlib/stubs.s                 0x00000000   Number         0  iusefp.o ABSOLUTE
    ../fplib/microlib/d2f.c                  0x00000000   Number         0  d2f.o ABSOLUTE
    ../fplib/microlib/f2d.c                  0x00000000   Number         0  f2d.o ABSOLUTE
    ../fplib/microlib/fpadd.c                0x00000000   Number         0  dadd.o ABSOLUTE
    ../fplib/microlib/fpadd.c                0x00000000   Number         0  fadd.o ABSOLUTE
    ../fplib/microlib/fpdiv.c                0x00000000   Number         0  ddiv.o ABSOLUTE
    ../fplib/microlib/fpdiv.c                0x00000000   Number         0  fdiv.o ABSOLUTE
    ../fplib/microlib/fpepilogue.c           0x00000000   Number         0  fepilogue.o ABSOLUTE
    ../fplib/microlib/fpepilogue.c           0x00000000   Number         0  depilogue.o ABSOLUTE
    ../fplib/microlib/fpfix.c                0x00000000   Number         0  dfixl.o ABSOLUTE
    ../fplib/microlib/fpfix.c                0x00000000   Number         0  ffixui.o ABSOLUTE
    ../fplib/microlib/fpfix.c                0x00000000   Number         0  ffixi.o ABSOLUTE
    ../fplib/microlib/fpflt.c                0x00000000   Number         0  dfltl.o ABSOLUTE
    ../fplib/microlib/fpflt.c                0x00000000   Number         0  dflti.o ABSOLUTE
    ../fplib/microlib/fpflt.c                0x00000000   Number         0  fflti.o ABSOLUTE
    ../fplib/microlib/fpflt.c                0x00000000   Number         0  ffltui.o ABSOLUTE
    ../fplib/microlib/fpmul.c                0x00000000   Number         0  fmul.o ABSOLUTE
    ../fplib/microlib/fpmul.c                0x00000000   Number         0  dmul.o ABSOLUTE
    ../fplib/microlib/fprnd.c                0x00000000   Number         0  frnd.o ABSOLUTE
    ../fplib/microlib/fpscalb.c              0x00000000   Number         0  fscalb.o ABSOLUTE
    ../fplib/microlib/fpscalb.c              0x00000000   Number         0  dscalb.o ABSOLUTE
    ../fplib/microlib/fpsqrt.c               0x00000000   Number         0  fsqrt.o ABSOLUTE
    ../fplib/microlib/fpsqrt.c               0x00000000   Number         0  dsqrt.o ABSOLUTE
    ../mathlib/asinf.c                       0x00000000   Number         0  asinf.o ABSOLUTE
    ../mathlib/asinf.c                       0x00000000   Number         0  asinf_x.o ABSOLUTE
    ../mathlib/atanf.c                       0x00000000   Number         0  atanf_x.o ABSOLUTE
    ../mathlib/atanf.c                       0x00000000   Number         0  atanf.o ABSOLUTE
    ../mathlib/dunder.c                      0x00000000   Number         0  dunder.o ABSOLUTE
    ../mathlib/fpclassify.c                  0x00000000   Number         0  fpclassify.o ABSOLUTE
    ../mathlib/fpclassifyf.c                 0x00000000   Number         0  fpclassifyf.o ABSOLUTE
    ../mathlib/funder.c                      0x00000000   Number         0  funder.o ABSOLUTE
    ../mathlib/poly.c                        0x00000000   Number         0  poly.o ABSOLUTE
    ../mathlib/pow.c                         0x00000000   Number         0  pow.o ABSOLUTE
    ../mathlib/pow.c                         0x00000000   Number         0  pow_x.o ABSOLUTE
    ../mathlib/qnan.c                        0x00000000   Number         0  qnan.o ABSOLUTE
    ../mathlib/rredf.c                       0x00000000   Number         0  rredf.o ABSOLUTE
    ../mathlib/sinf.c                        0x00000000   Number         0  sinf_x.o ABSOLUTE
    ../mathlib/sinf.c                        0x00000000   Number         0  sinf.o ABSOLUTE
    ../mathlib/sqrt.c                        0x00000000   Number         0  sqrt_x.o ABSOLUTE
    ../mathlib/sqrt.c                        0x00000000   Number         0  sqrt.o ABSOLUTE
    ../mathlib/sqrtf.c                       0x00000000   Number         0  sqrtf_x.o ABSOLUTE
    ../mathlib/sqrtf.c                       0x00000000   Number         0  sqrtf.o ABSOLUTE
    D:\Keil5\Keil\ARM\PACK\Keil\STM32F1xx_DFP\2.3.0\Device\StdPeriph_Driver\src\misc.c 0x00000000   Number         0  misc.o ABSOLUTE
    D:\Keil5\Keil\ARM\PACK\Keil\STM32F1xx_DFP\2.3.0\Device\StdPeriph_Driver\src\stm32f10x_exti.c 0x00000000   Number         0  stm32f10x_exti.o ABSOLUTE
    D:\Keil5\Keil\ARM\PACK\Keil\STM32F1xx_DFP\2.3.0\Device\StdPeriph_Driver\src\stm32f10x_gpio.c 0x00000000   Number         0  stm32f10x_gpio.o ABSOLUTE
    D:\Keil5\Keil\ARM\PACK\Keil\STM32F1xx_DFP\2.3.0\Device\StdPeriph_Driver\src\stm32f10x_rcc.c 0x00000000   Number         0  stm32f10x_rcc.o ABSOLUTE
    D:\Keil5\Keil\ARM\PACK\Keil\STM32F1xx_DFP\2.3.0\Device\StdPeriph_Driver\src\stm32f10x_spi.c 0x00000000   Number         0  stm32f10x_spi.o ABSOLUTE
    D:\Keil5\Keil\ARM\PACK\Keil\STM32F1xx_DFP\2.3.0\Device\StdPeriph_Driver\src\stm32f10x_tim.c 0x00000000   Number         0  stm32f10x_tim.o ABSOLUTE
    D:\Keil5\Keil\ARM\PACK\Keil\STM32F1xx_DFP\2.3.0\Device\StdPeriph_Driver\src\stm32f10x_usart.c 0x00000000   Number         0  stm32f10x_usart.o ABSOLUTE
    D:\\Keil5\\Keil\\ARM\\PACK\\Keil\\STM32F1xx_DFP\\2.3.0\\Device\\StdPeriph_Driver\\src\\misc.c 0x00000000   Number         0  misc.o ABSOLUTE
    D:\\Keil5\\Keil\\ARM\\PACK\\Keil\\STM32F1xx_DFP\\2.3.0\\Device\\StdPeriph_Driver\\src\\stm32f10x_exti.c 0x00000000   Number         0  stm32f10x_exti.o ABSOLUTE
    D:\\Keil5\\Keil\\ARM\\PACK\\Keil\\STM32F1xx_DFP\\2.3.0\\Device\\StdPeriph_Driver\\src\\stm32f10x_gpio.c 0x00000000   Number         0  stm32f10x_gpio.o ABSOLUTE
    D:\\Keil5\\Keil\\ARM\\PACK\\Keil\\STM32F1xx_DFP\\2.3.0\\Device\\StdPeriph_Driver\\src\\stm32f10x_rcc.c 0x00000000   Number         0  stm32f10x_rcc.o ABSOLUTE
    D:\\Keil5\\Keil\\ARM\\PACK\\Keil\\STM32F1xx_DFP\\2.3.0\\Device\\StdPeriph_Driver\\src\\stm32f10x_spi.c 0x00000000   Number         0  stm32f10x_spi.o ABSOLUTE
    D:\\Keil5\\Keil\\ARM\\PACK\\Keil\\STM32F1xx_DFP\\2.3.0\\Device\\StdPeriph_Driver\\src\\stm32f10x_tim.c 0x00000000   Number         0  stm32f10x_tim.o ABSOLUTE
    D:\\Keil5\\Keil\\ARM\\PACK\\Keil\\STM32F1xx_DFP\\2.3.0\\Device\\StdPeriph_Driver\\src\\stm32f10x_usart.c 0x00000000   Number         0  stm32f10x_usart.o ABSOLUTE
    RTE\Device\STM32F103ZE\startup_stm32f10x_hd.s 0x00000000   Number         0  startup_stm32f10x_hd.o ABSOLUTE
    RTE\Device\STM32F103ZE\system_stm32f10x.c 0x00000000   Number         0  system_stm32f10x.o ABSOLUTE
    RTE\\Device\\STM32F103ZE\\system_stm32f10x.c 0x00000000   Number         0  system_stm32f10x.o ABSOLUTE
    cdcmple.s                                0x00000000   Number         0  cdcmple.o ABSOLUTE
    cdrcmple.s                               0x00000000   Number         0  cdrcmple.o ABSOLUTE
    cfcmple.s                                0x00000000   Number         0  cfcmple.o ABSOLUTE
    cfrcmple.s                               0x00000000   Number         0  cfrcmple.o ABSOLUTE
    code\CONTROL.c                           0x00000000   Number         0  control.o ABSOLUTE
    code\CXW_Attitude_Algorithm.c            0x00000000   Number         0  cxw_attitude_algorithm.o ABSOLUTE
    code\I2C.c                               0x00000000   Number         0  i2c.o ABSOLUTE
    code\\CONTROL.c                          0x00000000   Number         0  control.o ABSOLUTE
    code\\CXW_Attitude_Algorithm.c           0x00000000   Number         0  cxw_attitude_algorithm.o ABSOLUTE
    code\\I2C.c                              0x00000000   Number         0  i2c.o ABSOLUTE
    code\\exti.c                             0x00000000   Number         0  exti.o ABSOLUTE
    code\\main.c                             0x00000000   Number         0  main.o ABSOLUTE
    code\\moto.c                             0x00000000   Number         0  moto.o ABSOLUTE
    code\\mpu9250.c                          0x00000000   Number         0  mpu9250.o ABSOLUTE
    code\\systick.c                          0x00000000   Number         0  systick.o ABSOLUTE
    code\\tft.c                              0x00000000   Number         0  tft.o ABSOLUTE
    code\\time.c                             0x00000000   Number         0  time.o ABSOLUTE
    code\\usart1.c                           0x00000000   Number         0  usart1.o ABSOLUTE
    code\exti.c                              0x00000000   Number         0  exti.o ABSOLUTE
    code\main.c                              0x00000000   Number         0  main.o ABSOLUTE
    code\moto.c                              0x00000000   Number         0  moto.o ABSOLUTE
    code\mpu9250.c                           0x00000000   Number         0  mpu9250.o ABSOLUTE
    code\systick.c                           0x00000000   Number         0  systick.o ABSOLUTE
    code\tft.c                               0x00000000   Number         0  tft.o ABSOLUTE
    code\time.c                              0x00000000   Number         0  time.o ABSOLUTE
    code\usart1.c                            0x00000000   Number         0  usart1.o ABSOLUTE
    dc.s                                     0x00000000   Number         0  dc.o ABSOLUTE
    handlers.s                               0x00000000   Number         0  handlers.o ABSOLUTE
    init.s                                   0x00000000   Number         0  init.o ABSOLUTE
    RESET                                    0x08000000   Section      304  startup_stm32f10x_hd.o(RESET)
    .ARM.Collect$$$$00000000                 0x08000130   Section        0  entry.o(.ARM.Collect$$$$00000000)
    .ARM.Collect$$$$00000001                 0x08000130   Section        4  entry2.o(.ARM.Collect$$$$00000001)
    .ARM.Collect$$$$00000004                 0x08000134   Section        4  entry5.o(.ARM.Collect$$$$00000004)
    .ARM.Collect$$$$00000008                 0x08000138   Section        0  entry7b.o(.ARM.Collect$$$$00000008)
    .ARM.Collect$$$$0000000A                 0x08000138   Section        0  entry8b.o(.ARM.Collect$$$$0000000A)
    .ARM.Collect$$$$0000000B                 0x08000138   Section        8  entry9a.o(.ARM.Collect$$$$0000000B)
    .ARM.Collect$$$$0000000D                 0x08000140   Section        0  entry10a.o(.ARM.Collect$$$$0000000D)
    .ARM.Collect$$$$0000000F                 0x08000140   Section        0  entry11a.o(.ARM.Collect$$$$0000000F)
    .ARM.Collect$$$$00002712                 0x08000140   Section        4  entry2.o(.ARM.Collect$$$$00002712)
    __lit__00000000                          0x08000140   Data           4  entry2.o(.ARM.Collect$$$$00002712)
    .text                                    0x08000144   Section       36  startup_stm32f10x_hd.o(.text)
    .text                                    0x08000168   Section        0  ldiv.o(.text)
    .text                                    0x080001ca   Section        0  fadd.o(.text)
    .text                                    0x0800027a   Section        0  fmul.o(.text)
    .text                                    0x080002de   Section        0  fdiv.o(.text)
    .text                                    0x0800035a   Section        0  dadd.o(.text)
    .text                                    0x080004a8   Section        0  dmul.o(.text)
    .text                                    0x0800058c   Section        0  ddiv.o(.text)
    .text                                    0x0800066a   Section        0  fflti.o(.text)
    .text                                    0x0800067c   Section        0  dflti.o(.text)
    .text                                    0x0800069e   Section        0  dfltl.o(.text)
    .text                                    0x080006c6   Section        0  ffixui.o(.text)
    .text                                    0x080006ee   Section        0  dfixl.o(.text)
    .text                                    0x08000738   Section        0  f2d.o(.text)
    .text                                    0x08000760   Section       48  cdcmple.o(.text)
    .text                                    0x08000790   Section       48  cdrcmple.o(.text)
    .text                                    0x080007c0   Section        0  d2f.o(.text)
    .text                                    0x080007f8   Section       20  cfcmple.o(.text)
    .text                                    0x0800080c   Section       20  cfrcmple.o(.text)
    .text                                    0x08000820   Section        0  uldiv.o(.text)
    .text                                    0x08000882   Section        0  llshl.o(.text)
    .text                                    0x080008a0   Section        0  llushr.o(.text)
    .text                                    0x080008c0   Section        0  llsshr.o(.text)
    .text                                    0x080008e4   Section        0  iusefp.o(.text)
    .text                                    0x080008e4   Section        0  fepilogue.o(.text)
    .text                                    0x08000952   Section        0  fscalb.o(.text)
    .text                                    0x0800096a   Section        0  frnd.o(.text)
    .text                                    0x080009a6   Section        0  depilogue.o(.text)
    .text                                    0x08000a60   Section        0  dscalb.o(.text)
    .text                                    0x08000a8e   Section        0  ffixi.o(.text)
    .text                                    0x08000ac0   Section       36  init.o(.text)
    .text                                    0x08000ae4   Section        0  fsqrt.o(.text)
    .text                                    0x08000b42   Section        0  dsqrt.o(.text)
    .text                                    0x08000be4   Section        0  ffltui.o(.text)
    i.AccX_Kalman                            0x08000bf0   Section        0  cxw_attitude_algorithm.o(i.AccX_Kalman)
    i.AccY_Kalman                            0x08000c78   Section        0  cxw_attitude_algorithm.o(i.AccY_Kalman)
    i.AngleX_Kalman                          0x08000d00   Section        0  cxw_attitude_algorithm.o(i.AngleX_Kalman)
    i.AngleY_Kalman                          0x08000d88   Section        0  cxw_attitude_algorithm.o(i.AngleY_Kalman)
    i.EXTI4_IRQHandler                       0x08000e10   Section        0  main.o(i.EXTI4_IRQHandler)
    i.EXTI_ClearITPendingBit                 0x08000ef0   Section        0  stm32f10x_exti.o(i.EXTI_ClearITPendingBit)
    i.EXTI_Config                            0x08000efc   Section        0  exti.o(i.EXTI_Config)
    i.EXTI_Init                              0x08000f44   Section        0  stm32f10x_exti.o(i.EXTI_Init)
    i.GPIO_EXTILineConfig                    0x08000fd8   Section        0  stm32f10x_gpio.o(i.GPIO_EXTILineConfig)
    i.GPIO_Init                              0x08001018   Section        0  stm32f10x_gpio.o(i.GPIO_Init)
    i.GPIO_ReadInputDataBit                  0x0800112e   Section        0  stm32f10x_gpio.o(i.GPIO_ReadInputDataBit)
    i.GPIO_ResetBits                         0x08001140   Section        0  stm32f10x_gpio.o(i.GPIO_ResetBits)
    i.GPIO_SetBits                           0x08001144   Section        0  stm32f10x_gpio.o(i.GPIO_SetBits)
    i.Get_Angle                              0x08001148   Section        0  cxw_attitude_algorithm.o(i.Get_Angle)
    i.H_Kalman                               0x08001660   Section        0  main.o(i.H_Kalman)
    i.I2C_Ack                                0x080016f8   Section        0  i2c.o(i.I2C_Ack)
    i.I2C_GPIO_Config                        0x0800172c   Section        0  i2c.o(i.I2C_GPIO_Config)
    i.I2C_NoAck                              0x08001770   Section        0  i2c.o(i.I2C_NoAck)
    i.I2C_RadeByte                           0x080017a4   Section        0  i2c.o(i.I2C_RadeByte)
    i.I2C_SendByte                           0x080017f8   Section        0  i2c.o(i.I2C_SendByte)
    i.I2C_Start                              0x0800184c   Section        0  i2c.o(i.I2C_Start)
    i.I2C_Stop                               0x080018a4   Section        0  i2c.o(i.I2C_Stop)
    i.I2C_WaitAck                            0x080018d8   Section        0  i2c.o(i.I2C_WaitAck)
    i.I2C_delay                              0x08001928   Section        0  i2c.o(i.I2C_delay)
    i.Init_HMC5883L                          0x08001936   Section        0  mpu9250.o(i.Init_HMC5883L)
    i.Init_MPU9250                           0x08001954   Section        0  mpu9250.o(i.Init_MPU9250)
    i.LCD_Clear                              0x08001990   Section        0  tft.o(i.LCD_Clear)
    i.LCD_GPIOInit                           0x080019d8   Section        0  tft.o(i.LCD_GPIOInit)
    i.LCD_Init                               0x08001a04   Section        0  tft.o(i.LCD_Init)
    i.LCD_SetParam                           0x08001c34   Section        0  tft.o(i.LCD_SetParam)
    i.LCD_SetWindows                         0x08001c5c   Section        0  tft.o(i.LCD_SetWindows)
    i.LCD_ShowChar                           0x08001cb8   Section        0  tft.o(i.LCD_ShowChar)
    i.LCD_ShowString                         0x08001d6c   Section        0  tft.o(i.LCD_ShowString)
    i.LCD_WR_DATA                            0x08001da0   Section        0  tft.o(i.LCD_WR_DATA)
    i.LCD_WR_DATA_16Bit                      0x08001db8   Section        0  tft.o(i.LCD_WR_DATA_16Bit)
    i.LCD_WR_REG                             0x08001dd8   Section        0  tft.o(i.LCD_WR_REG)
    i.LCD_WriteRAM_Prepare                   0x08001df0   Section        0  tft.o(i.LCD_WriteRAM_Prepare)
    i.LCD_WriteReg                           0x08001e00   Section        0  tft.o(i.LCD_WriteReg)
    i.LCD_show_float                         0x08001e14   Section        0  tft.o(i.LCD_show_float)
    i.Moto_Init                              0x08002060   Section        0  moto.o(i.Moto_Init)
    i.Moto_Pwm                               0x080020ac   Section        0  moto.o(i.Moto_Pwm)
    i.Multiple_Read_HMC5883L                 0x08002114   Section        0  mpu9250.o(i.Multiple_Read_HMC5883L)
    i.NVIC_Init                              0x08002308   Section        0  misc.o(i.NVIC_Init)
    i.NVIC_PriorityGroupConfig               0x08002378   Section        0  misc.o(i.NVIC_PriorityGroupConfig)
    i.RCC_APB1PeriphClockCmd                 0x0800238c   Section        0  stm32f10x_rcc.o(i.RCC_APB1PeriphClockCmd)
    i.RCC_APB1PeriphResetCmd                 0x080023ac   Section        0  stm32f10x_rcc.o(i.RCC_APB1PeriphResetCmd)
    i.RCC_APB2PeriphClockCmd                 0x080023cc   Section        0  stm32f10x_rcc.o(i.RCC_APB2PeriphClockCmd)
    i.RCC_APB2PeriphResetCmd                 0x080023ec   Section        0  stm32f10x_rcc.o(i.RCC_APB2PeriphResetCmd)
    i.RCC_GetClocksFreq                      0x0800240c   Section        0  stm32f10x_rcc.o(i.RCC_GetClocksFreq)
    i.READ_MPU9250_ACCEL_GYRO                0x080024e0   Section        0  mpu9250.o(i.READ_MPU9250_ACCEL_GYRO)
    i.SPIv_WriteData                         0x08002688   Section        0  tft.o(i.SPIv_WriteData)
    i.SetSysClock                            0x080026c8   Section        0  system_stm32f10x.o(i.SetSysClock)
    SetSysClock                              0x080026c9   Thumb Code     8  system_stm32f10x.o(i.SetSysClock)
    i.SetSysClockTo72                        0x080026d0   Section        0  system_stm32f10x.o(i.SetSysClockTo72)
    SetSysClockTo72                          0x080026d1   Thumb Code   214  system_stm32f10x.o(i.SetSysClockTo72)
    i.Single_Write                           0x080027b0   Section        0  i2c.o(i.Single_Write)
    i.SystemInit                             0x080027f4   Section        0  system_stm32f10x.o(i.SystemInit)
    i.TIM3_IRQHandler                        0x08002854   Section        0  main.o(i.TIM3_IRQHandler)
    i.TIM3_Init                              0x08002894   Section        0  time.o(i.TIM3_Init)
    i.TIM4_IRQHandler                        0x080028e8   Section        0  main.o(i.TIM4_IRQHandler)
    i.TIM4_Init                              0x08002908   Section        0  time.o(i.TIM4_Init)
    i.TIM_ARRPreloadConfig                   0x0800295c   Section        0  stm32f10x_tim.o(i.TIM_ARRPreloadConfig)
    i.TIM_ClearFlag                          0x08002974   Section        0  stm32f10x_tim.o(i.TIM_ClearFlag)
    i.TIM_ClearITPendingBit                  0x0800297a   Section        0  stm32f10x_tim.o(i.TIM_ClearITPendingBit)
    i.TIM_Cmd                                0x08002980   Section        0  stm32f10x_tim.o(i.TIM_Cmd)
    i.TIM_DeInit                             0x08002998   Section        0  stm32f10x_tim.o(i.TIM_DeInit)
    i.TIM_ITConfig                           0x08002b80   Section        0  stm32f10x_tim.o(i.TIM_ITConfig)
    i.TIM_OC1Init                            0x08002b94   Section        0  stm32f10x_tim.o(i.TIM_OC1Init)
    i.TIM_OC1PreloadConfig                   0x08002c2c   Section        0  stm32f10x_tim.o(i.TIM_OC1PreloadConfig)
    i.TIM_OC2Init                            0x08002c40   Section        0  stm32f10x_tim.o(i.TIM_OC2Init)
    i.TIM_OC2PreloadConfig                   0x08002ce4   Section        0  stm32f10x_tim.o(i.TIM_OC2PreloadConfig)
    i.TIM_OC3Init                            0x08002d00   Section        0  stm32f10x_tim.o(i.TIM_OC3Init)
    i.TIM_OC3PreloadConfig                   0x08002da0   Section        0  stm32f10x_tim.o(i.TIM_OC3PreloadConfig)
    i.TIM_OC4Init                            0x08002db4   Section        0  stm32f10x_tim.o(i.TIM_OC4Init)
    i.TIM_OC4PreloadConfig                   0x08002e30   Section        0  stm32f10x_tim.o(i.TIM_OC4PreloadConfig)
    i.TIM_TimeBaseInit                       0x08002e4c   Section        0  stm32f10x_tim.o(i.TIM_TimeBaseInit)
    i.Tim2_init                              0x08002ef0   Section        0  moto.o(i.Tim2_init)
    i.USART1_Config                          0x08002fa0   Section        0  usart1.o(i.USART1_Config)
    i.USART1_IRQHandler                      0x0800302c   Section        0  main.o(i.USART1_IRQHandler)
    i.USART_ClearFlag                        0x0800305c   Section        0  stm32f10x_usart.o(i.USART_ClearFlag)
    i.USART_Cmd                              0x0800306e   Section        0  stm32f10x_usart.o(i.USART_Cmd)
    i.USART_ITConfig                         0x08003086   Section        0  stm32f10x_usart.o(i.USART_ITConfig)
    i.USART_Init                             0x080030d0   Section        0  stm32f10x_usart.o(i.USART_Init)
    i.__ARM_fpclassify                       0x080031a8   Section        0  fpclassify.o(i.__ARM_fpclassify)
    i.__ARM_fpclassifyf                      0x080031d0   Section        0  fpclassifyf.o(i.__ARM_fpclassifyf)
    i.__NVIC_EnableIRQ                       0x080031f6   Section        0  usart1.o(i.__NVIC_EnableIRQ)
    __NVIC_EnableIRQ                         0x080031f7   Thumb Code    26  usart1.o(i.__NVIC_EnableIRQ)
    i.__NVIC_EnableIRQ                       0x08003210   Section        0  time.o(i.__NVIC_EnableIRQ)
    __NVIC_EnableIRQ                         0x08003211   Thumb Code    26  time.o(i.__NVIC_EnableIRQ)
    i.__kernel_poly                          0x0800322a   Section        0  poly.o(i.__kernel_poly)
    i.__mathlib_dbl_divzero                  0x080032d4   Section        0  dunder.o(i.__mathlib_dbl_divzero)
    i.__mathlib_dbl_infnan2                  0x080032e4   Section        0  dunder.o(i.__mathlib_dbl_infnan2)
    i.__mathlib_dbl_invalid                  0x080032e8   Section        0  dunder.o(i.__mathlib_dbl_invalid)
    i.__mathlib_dbl_overflow                 0x080032f4   Section        0  dunder.o(i.__mathlib_dbl_overflow)
    i.__mathlib_dbl_underflow                0x08003304   Section        0  dunder.o(i.__mathlib_dbl_underflow)
    i.__mathlib_flt_infnan                   0x08003314   Section        0  funder.o(i.__mathlib_flt_infnan)
    i.__mathlib_flt_invalid                  0x0800331a   Section        0  funder.o(i.__mathlib_flt_invalid)
    i.__mathlib_flt_underflow                0x08003322   Section        0  funder.o(i.__mathlib_flt_underflow)
    i.__mathlib_rredf2                       0x0800332c   Section        0  rredf.o(i.__mathlib_rredf2)
    i.__scatterload_copy                     0x08003494   Section       14  handlers.o(i.__scatterload_copy)
    i.__scatterload_null                     0x080034a2   Section        2  handlers.o(i.__scatterload_null)
    i.__scatterload_zeroinit                 0x080034a4   Section       14  handlers.o(i.__scatterload_zeroinit)
    i.__set_errno                            0x080034b4   Section        0  errno.o(i.__set_errno)
    i.asinf                                  0x080034c0   Section        0  asinf.o(i.asinf)
    i.atanf                                  0x080035e4   Section        0  atanf.o(i.atanf)
    i.calculate_mpu_G                        0x08003760   Section        0  mpu9250.o(i.calculate_mpu_G)
    i.calculate_mpu_M                        0x08003898   Section        0  mpu9250.o(i.calculate_mpu_M)
    i.control                                0x08003a20   Section        0  control.o(i.control)
    i.delay_ms                               0x08004078   Section        0  systick.o(i.delay_ms)
    i.delay_us                               0x08004094   Section        0  systick.o(i.delay_us)
    i.get_hight                              0x080040ac   Section        0  main.o(i.get_hight)
    i.key_down                               0x080040e4   Section        0  main.o(i.key_down)
    i.key_down_up                            0x08004128   Section        0  main.o(i.key_down_up)
    i.main                                   0x08004180   Section        0  main.o(i.main)
    i.pow                                    0x08004654   Section        0  pow.o(i.pow)
    i.sinf                                   0x0800502c   Section        0  sinf.o(i.sinf)
    i.sqrt                                   0x080051b4   Section        0  sqrt.o(i.sqrt)
    i.sqrtf                                  0x08005200   Section        0  sqrtf.o(i.sqrtf)
    i.systick_delay                          0x0800522c   Section        0  systick.o(i.systick_delay)
    .constdata                               0x08005258   Section     1520  tft.o(.constdata)
    .constdata                               0x08005848   Section      136  pow.o(.constdata)
    bp                                       0x08005848   Data          16  pow.o(.constdata)
    dp_h                                     0x08005858   Data          16  pow.o(.constdata)
    dp_l                                     0x08005868   Data          16  pow.o(.constdata)
    L                                        0x08005878   Data          48  pow.o(.constdata)
    P                                        0x080058a8   Data          40  pow.o(.constdata)
    .constdata                               0x080058d0   Section        8  qnan.o(.constdata)
    .constdata                               0x080058d8   Section       32  rredf.o(.constdata)
    twooverpi                                0x080058d8   Data          32  rredf.o(.constdata)
    .data                                    0x20000000   Section       49  main.o(.data)
    f                                        0x20000020   Data           1  main.o(.data)
    main_T                                   0x20000021   Data           1  main.o(.data)
    main_T                                   0x20000022   Data           1  main.o(.data)
    P0_0                                     0x20000024   Data           4  main.o(.data)
    Kg                                       0x20000028   Data           4  main.o(.data)
    P1_0                                     0x2000002c   Data           4  main.o(.data)
    f_f                                      0x20000030   Data           1  main.o(.data)
    .data                                    0x20000034   Section       77  mpu9250.o(.data)
    cf                                       0x20000080   Data           1  mpu9250.o(.data)
    .data                                    0x20000084   Section       19  control.o(.data)
    up_f                                     0x20000096   Data           1  control.o(.data)
    .data                                    0x20000098   Section      120  cxw_attitude_algorithm.o(.data)
    P0_0                                     0x200000cc   Data           4  cxw_attitude_algorithm.o(.data)
    Kg                                       0x200000d0   Data           4  cxw_attitude_algorithm.o(.data)
    P1_0                                     0x200000d4   Data           4  cxw_attitude_algorithm.o(.data)
    P0_0                                     0x200000d8   Data           4  cxw_attitude_algorithm.o(.data)
    Kg                                       0x200000dc   Data           4  cxw_attitude_algorithm.o(.data)
    P1_0                                     0x200000e0   Data           4  cxw_attitude_algorithm.o(.data)
    P0_0                                     0x200000e4   Data           4  cxw_attitude_algorithm.o(.data)
    Kg                                       0x200000e8   Data           4  cxw_attitude_algorithm.o(.data)
    P1_0                                     0x200000ec   Data           4  cxw_attitude_algorithm.o(.data)
    P0_0                                     0x200000f0   Data           4  cxw_attitude_algorithm.o(.data)
    Kg                                       0x200000f4   Data           4  cxw_attitude_algorithm.o(.data)
    P1_0                                     0x200000f8   Data           4  cxw_attitude_algorithm.o(.data)
    P0_0                                     0x200000fc   Data           4  cxw_attitude_algorithm.o(.data)
    Kg                                       0x20000100   Data           4  cxw_attitude_algorithm.o(.data)
    P1_0                                     0x20000104   Data           4  cxw_attitude_algorithm.o(.data)
    Get_Angle_f                              0x20000108   Data           1  cxw_attitude_algorithm.o(.data)
    dt                                       0x2000010c   Data           4  cxw_attitude_algorithm.o(.data)
    .data                                    0x20000110   Section       20  stm32f10x_rcc.o(.data)
    APBAHBPrescTable                         0x20000110   Data          16  stm32f10x_rcc.o(.data)
    ADCPrescTable                            0x20000120   Data           4  stm32f10x_rcc.o(.data)
    .data                                    0x20000124   Section        4  errno.o(.data)
    _errno                                   0x20000124   Data           4  errno.o(.data)
    .bss                                     0x20000128   Section       14  mpu9250.o(.bss)
    .bss                                     0x20000138   Section      212  control.o(.bss)
    .bss                                     0x2000020c   Section       12  cxw_attitude_algorithm.o(.bss)
    .bss                                     0x20000218   Section       14  tft.o(.bss)
    STACK                                    0x20000228   Section     1024  startup_stm32f10x_hd.o(STACK)

    Global Symbols

    Symbol Name                              Value     Ov Type        Size  Object(Section)

    BuildAttributes$$THM_ISAv4$P$D$K$B$S$PE$A:L22UL41UL21$X:L11$S22US41US21$IEEE1$IW$USESV6$~STKCKD$USESV7$~SHL$OTIME$ROPI$IEEEX$EBA8$MICROLIB$REQ8$PRES8$EABIv2 0x00000000   Number         0  anon$$obj.o ABSOLUTE
    __ARM_use_no_argv                        0x00000000   Number         0  main.o ABSOLUTE
    __cpp_initialize__aeabi_                  - Undefined Weak Reference
    __cxa_finalize                            - Undefined Weak Reference
    __decompress                              - Undefined Weak Reference
    _clock_init                               - Undefined Weak Reference
    _microlib_exit                            - Undefined Weak Reference
    __Vectors_Size                           0x00000130   Number         0  startup_stm32f10x_hd.o ABSOLUTE
    __Vectors                                0x08000000   Data           4  startup_stm32f10x_hd.o(RESET)
    __Vectors_End                            0x08000130   Data           0  startup_stm32f10x_hd.o(RESET)
    __main                                   0x08000131   Thumb Code     0  entry.o(.ARM.Collect$$$$00000000)
    _main_stk                                0x08000131   Thumb Code     0  entry2.o(.ARM.Collect$$$$00000001)
    _main_scatterload                        0x08000135   Thumb Code     0  entry5.o(.ARM.Collect$$$$00000004)
    __main_after_scatterload                 0x08000139   Thumb Code     0  entry5.o(.ARM.Collect$$$$00000004)
    _main_clock                              0x08000139   Thumb Code     0  entry7b.o(.ARM.Collect$$$$00000008)
    _main_cpp_init                           0x08000139   Thumb Code     0  entry8b.o(.ARM.Collect$$$$0000000A)
    _main_init                               0x08000139   Thumb Code     0  entry9a.o(.ARM.Collect$$$$0000000B)
    __rt_final_cpp                           0x08000141   Thumb Code     0  entry10a.o(.ARM.Collect$$$$0000000D)
    __rt_final_exit                          0x08000141   Thumb Code     0  entry11a.o(.ARM.Collect$$$$0000000F)
    Reset_Handler                            0x08000145   Thumb Code     8  startup_stm32f10x_hd.o(.text)
    NMI_Handler                              0x0800014d   Thumb Code     2  startup_stm32f10x_hd.o(.text)
    HardFault_Handler                        0x0800014f   Thumb Code     2  startup_stm32f10x_hd.o(.text)
    MemManage_Handler                        0x08000151   Thumb Code     2  startup_stm32f10x_hd.o(.text)
    BusFault_Handler                         0x08000153   Thumb Code     2  startup_stm32f10x_hd.o(.text)
    UsageFault_Handler                       0x08000155   Thumb Code     2  startup_stm32f10x_hd.o(.text)
    SVC_Handler                              0x08000157   Thumb Code     2  startup_stm32f10x_hd.o(.text)
    DebugMon_Handler                         0x08000159   Thumb Code     2  startup_stm32f10x_hd.o(.text)
    PendSV_Handler                           0x0800015b   Thumb Code     2  startup_stm32f10x_hd.o(.text)
    SysTick_Handler                          0x0800015d   Thumb Code     2  startup_stm32f10x_hd.o(.text)
    ADC1_2_IRQHandler                        0x0800015f   Thumb Code     0  startup_stm32f10x_hd.o(.text)
    ADC3_IRQHandler                          0x0800015f   Thumb Code     0  startup_stm32f10x_hd.o(.text)
    CAN1_RX1_IRQHandler                      0x0800015f   Thumb Code     0  startup_stm32f10x_hd.o(.text)
    CAN1_SCE_IRQHandler                      0x0800015f   Thumb Code     0  startup_stm32f10x_hd.o(.text)
    DMA1_Channel1_IRQHandler                 0x0800015f   Thumb Code     0  startup_stm32f10x_hd.o(.text)
    DMA1_Channel2_IRQHandler                 0x0800015f   Thumb Code     0  startup_stm32f10x_hd.o(.text)
    DMA1_Channel3_IRQHandler                 0x0800015f   Thumb Code     0  startup_stm32f10x_hd.o(.text)
    DMA1_Channel4_IRQHandler                 0x0800015f   Thumb Code     0  startup_stm32f10x_hd.o(.text)
    DMA1_Channel5_IRQHandler                 0x0800015f   Thumb Code     0  startup_stm32f10x_hd.o(.text)
    DMA1_Channel6_IRQHandler                 0x0800015f   Thumb Code     0  startup_stm32f10x_hd.o(.text)
    DMA1_Channel7_IRQHandler                 0x0800015f   Thumb Code     0  startup_stm32f10x_hd.o(.text)
    DMA2_Channel1_IRQHandler                 0x0800015f   Thumb Code     0  startup_stm32f10x_hd.o(.text)
    DMA2_Channel2_IRQHandler                 0x0800015f   Thumb Code     0  startup_stm32f10x_hd.o(.text)
    DMA2_Channel3_IRQHandler                 0x0800015f   Thumb Code     0  startup_stm32f10x_hd.o(.text)
    DMA2_Channel4_5_IRQHandler               0x0800015f   Thumb Code     0  startup_stm32f10x_hd.o(.text)
    EXTI0_IRQHandler                         0x0800015f   Thumb Code     0  startup_stm32f10x_hd.o(.text)
    EXTI15_10_IRQHandler                     0x0800015f   Thumb Code     0  startup_stm32f10x_hd.o(.text)
    EXTI1_IRQHandler                         0x0800015f   Thumb Code     0  startup_stm32f10x_hd.o(.text)
    EXTI2_IRQHandler                         0x0800015f   Thumb Code     0  startup_stm32f10x_hd.o(.text)
    EXTI3_IRQHandler                         0x0800015f   Thumb Code     0  startup_stm32f10x_hd.o(.text)
    EXTI9_5_IRQHandler                       0x0800015f   Thumb Code     0  startup_stm32f10x_hd.o(.text)
    FLASH_IRQHandler                         0x0800015f   Thumb Code     0  startup_stm32f10x_hd.o(.text)
    FSMC_IRQHandler                          0x0800015f   Thumb Code     0  startup_stm32f10x_hd.o(.text)
    I2C1_ER_IRQHandler                       0x0800015f   Thumb Code     0  startup_stm32f10x_hd.o(.text)
    I2C1_EV_IRQHandler                       0x0800015f   Thumb Code     0  startup_stm32f10x_hd.o(.text)
    I2C2_ER_IRQHandler                       0x0800015f   Thumb Code     0  startup_stm32f10x_hd.o(.text)
    I2C2_EV_IRQHandler                       0x0800015f   Thumb Code     0  startup_stm32f10x_hd.o(.text)
    PVD_IRQHandler                           0x0800015f   Thumb Code     0  startup_stm32f10x_hd.o(.text)
    RCC_IRQHandler                           0x0800015f   Thumb Code     0  startup_stm32f10x_hd.o(.text)
    RTCAlarm_IRQHandler                      0x0800015f   Thumb Code     0  startup_stm32f10x_hd.o(.text)
    RTC_IRQHandler                           0x0800015f   Thumb Code     0  startup_stm32f10x_hd.o(.text)
    SDIO_IRQHandler                          0x0800015f   Thumb Code     0  startup_stm32f10x_hd.o(.text)
    SPI1_IRQHandler                          0x0800015f   Thumb Code     0  startup_stm32f10x_hd.o(.text)
    SPI2_IRQHandler                          0x0800015f   Thumb Code     0  startup_stm32f10x_hd.o(.text)
    SPI3_IRQHandler                          0x0800015f   Thumb Code     0  startup_stm32f10x_hd.o(.text)
    TAMPER_IRQHandler                        0x0800015f   Thumb Code     0  startup_stm32f10x_hd.o(.text)
    TIM1_BRK_IRQHandler                      0x0800015f   Thumb Code     0  startup_stm32f10x_hd.o(.text)
    TIM1_CC_IRQHandler                       0x0800015f   Thumb Code     0  startup_stm32f10x_hd.o(.text)
    TIM1_TRG_COM_IRQHandler                  0x0800015f   Thumb Code     0  startup_stm32f10x_hd.o(.text)
    TIM1_UP_IRQHandler                       0x0800015f   Thumb Code     0  startup_stm32f10x_hd.o(.text)
    TIM2_IRQHandler                          0x0800015f   Thumb Code     0  startup_stm32f10x_hd.o(.text)
    TIM5_IRQHandler                          0x0800015f   Thumb Code     0  startup_stm32f10x_hd.o(.text)
    TIM6_IRQHandler                          0x0800015f   Thumb Code     0  startup_stm32f10x_hd.o(.text)
    TIM7_IRQHandler                          0x0800015f   Thumb Code     0  startup_stm32f10x_hd.o(.text)
    TIM8_BRK_IRQHandler                      0x0800015f   Thumb Code     0  startup_stm32f10x_hd.o(.text)
    TIM8_CC_IRQHandler                       0x0800015f   Thumb Code     0  startup_stm32f10x_hd.o(.text)
    TIM8_TRG_COM_IRQHandler                  0x0800015f   Thumb Code     0  startup_stm32f10x_hd.o(.text)
    TIM8_UP_IRQHandler                       0x0800015f   Thumb Code     0  startup_stm32f10x_hd.o(.text)
    UART4_IRQHandler                         0x0800015f   Thumb Code     0  startup_stm32f10x_hd.o(.text)
    UART5_IRQHandler                         0x0800015f   Thumb Code     0  startup_stm32f10x_hd.o(.text)
    USART2_IRQHandler                        0x0800015f   Thumb Code     0  startup_stm32f10x_hd.o(.text)
    USART3_IRQHandler                        0x0800015f   Thumb Code     0  startup_stm32f10x_hd.o(.text)
    USBWakeUp_IRQHandler                     0x0800015f   Thumb Code     0  startup_stm32f10x_hd.o(.text)
    USB_HP_CAN1_TX_IRQHandler                0x0800015f   Thumb Code     0  startup_stm32f10x_hd.o(.text)
    USB_LP_CAN1_RX0_IRQHandler               0x0800015f   Thumb Code     0  startup_stm32f10x_hd.o(.text)
    WWDG_IRQHandler                          0x0800015f   Thumb Code     0  startup_stm32f10x_hd.o(.text)
    __aeabi_ldivmod                          0x08000169   Thumb Code    98  ldiv.o(.text)
    __aeabi_fadd                             0x080001cb   Thumb Code   164  fadd.o(.text)
    __aeabi_fsub                             0x0800026f   Thumb Code     6  fadd.o(.text)
    __aeabi_frsub                            0x08000275   Thumb Code     6  fadd.o(.text)
    __aeabi_fmul                             0x0800027b   Thumb Code   100  fmul.o(.text)
    __aeabi_fdiv                             0x080002df   Thumb Code   124  fdiv.o(.text)
    __aeabi_dadd                             0x0800035b   Thumb Code   322  dadd.o(.text)
    __aeabi_dsub                             0x0800049d   Thumb Code     6  dadd.o(.text)
    __aeabi_drsub                            0x080004a3   Thumb Code     6  dadd.o(.text)
    __aeabi_dmul                             0x080004a9   Thumb Code   228  dmul.o(.text)
    __aeabi_ddiv                             0x0800058d   Thumb Code   222  ddiv.o(.text)
    __aeabi_i2f                              0x0800066b   Thumb Code    18  fflti.o(.text)
    __aeabi_i2d                              0x0800067d   Thumb Code    34  dflti.o(.text)
    __aeabi_l2d                              0x0800069f   Thumb Code    40  dfltl.o(.text)
    __aeabi_f2uiz                            0x080006c7   Thumb Code    40  ffixui.o(.text)
    __aeabi_d2lz                             0x080006ef   Thumb Code    74  dfixl.o(.text)
    __aeabi_f2d                              0x08000739   Thumb Code    38  f2d.o(.text)
    __aeabi_cdcmpeq                          0x08000761   Thumb Code     0  cdcmple.o(.text)
    __aeabi_cdcmple                          0x08000761   Thumb Code    48  cdcmple.o(.text)
    __aeabi_cdrcmple                         0x08000791   Thumb Code    48  cdrcmple.o(.text)
    __aeabi_d2f                              0x080007c1   Thumb Code    56  d2f.o(.text)
    __aeabi_cfcmpeq                          0x080007f9   Thumb Code     0  cfcmple.o(.text)
    __aeabi_cfcmple                          0x080007f9   Thumb Code    20  cfcmple.o(.text)
    __aeabi_cfrcmple                         0x0800080d   Thumb Code    20  cfrcmple.o(.text)
    __aeabi_uldivmod                         0x08000821   Thumb Code    98  uldiv.o(.text)
    __aeabi_llsl                             0x08000883   Thumb Code    30  llshl.o(.text)
    _ll_shift_l                              0x08000883   Thumb Code     0  llshl.o(.text)
    __aeabi_llsr                             0x080008a1   Thumb Code    32  llushr.o(.text)
    _ll_ushift_r                             0x080008a1   Thumb Code     0  llushr.o(.text)
    __aeabi_lasr                             0x080008c1   Thumb Code    36  llsshr.o(.text)
    _ll_sshift_r                             0x080008c1   Thumb Code     0  llsshr.o(.text)
    __I$use$fp                               0x080008e5   Thumb Code     0  iusefp.o(.text)
    _float_round                             0x080008e5   Thumb Code    18  fepilogue.o(.text)
    _float_epilogue                          0x080008f7   Thumb Code    92  fepilogue.o(.text)
    __ARM_scalbnf                            0x08000953   Thumb Code    24  fscalb.o(.text)
    scalbnf                                  0x08000953   Thumb Code     0  fscalb.o(.text)
    _frnd                                    0x0800096b   Thumb Code    60  frnd.o(.text)
    _double_round                            0x080009a7   Thumb Code    30  depilogue.o(.text)
    _double_epilogue                         0x080009c5   Thumb Code   156  depilogue.o(.text)
    __ARM_scalbn                             0x08000a61   Thumb Code    46  dscalb.o(.text)
    scalbn                                   0x08000a61   Thumb Code     0  dscalb.o(.text)
    __aeabi_f2iz                             0x08000a8f   Thumb Code    50  ffixi.o(.text)
    __scatterload                            0x08000ac1   Thumb Code    28  init.o(.text)
    __scatterload_rt2                        0x08000ac1   Thumb Code     0  init.o(.text)
    _fsqrt                                   0x08000ae5   Thumb Code    94  fsqrt.o(.text)
    _dsqrt                                   0x08000b43   Thumb Code   162  dsqrt.o(.text)
    __aeabi_ui2f                             0x08000be5   Thumb Code    10  ffltui.o(.text)
    AccX_Kalman                              0x08000bf1   Thumb Code   116  cxw_attitude_algorithm.o(i.AccX_Kalman)
    AccY_Kalman                              0x08000c79   Thumb Code   116  cxw_attitude_algorithm.o(i.AccY_Kalman)
    AngleX_Kalman                            0x08000d01   Thumb Code   116  cxw_attitude_algorithm.o(i.AngleX_Kalman)
    AngleY_Kalman                            0x08000d89   Thumb Code   116  cxw_attitude_algorithm.o(i.AngleY_Kalman)
    EXTI4_IRQHandler                         0x08000e11   Thumb Code   188  main.o(i.EXTI4_IRQHandler)
    EXTI_ClearITPendingBit                   0x08000ef1   Thumb Code     6  stm32f10x_exti.o(i.EXTI_ClearITPendingBit)
    EXTI_Config                              0x08000efd   Thumb Code    68  exti.o(i.EXTI_Config)
    EXTI_Init                                0x08000f45   Thumb Code   142  stm32f10x_exti.o(i.EXTI_Init)
    GPIO_EXTILineConfig                      0x08000fd9   Thumb Code    60  stm32f10x_gpio.o(i.GPIO_EXTILineConfig)
    GPIO_Init                                0x08001019   Thumb Code   278  stm32f10x_gpio.o(i.GPIO_Init)
    GPIO_ReadInputDataBit                    0x0800112f   Thumb Code    18  stm32f10x_gpio.o(i.GPIO_ReadInputDataBit)
    GPIO_ResetBits                           0x08001141   Thumb Code     4  stm32f10x_gpio.o(i.GPIO_ResetBits)
    GPIO_SetBits                             0x08001145   Thumb Code     4  stm32f10x_gpio.o(i.GPIO_SetBits)
    Get_Angle                                0x08001149   Thumb Code  1276  cxw_attitude_algorithm.o(i.Get_Angle)
    H_Kalman                                 0x08001661   Thumb Code   126  main.o(i.H_Kalman)
    I2C_Ack                                  0x080016f9   Thumb Code    46  i2c.o(i.I2C_Ack)
    I2C_GPIO_Config                          0x0800172d   Thumb Code    64  i2c.o(i.I2C_GPIO_Config)
    I2C_NoAck                                0x08001771   Thumb Code    48  i2c.o(i.I2C_NoAck)
    I2C_RadeByte                             0x080017a5   Thumb Code    78  i2c.o(i.I2C_RadeByte)
    I2C_SendByte                             0x080017f9   Thumb Code    78  i2c.o(i.I2C_SendByte)
    I2C_Start                                0x0800184d   Thumb Code    84  i2c.o(i.I2C_Start)
    I2C_Stop                                 0x080018a5   Thumb Code    48  i2c.o(i.I2C_Stop)
    I2C_WaitAck                              0x080018d9   Thumb Code    76  i2c.o(i.I2C_WaitAck)
    I2C_delay                                0x08001929   Thumb Code    14  i2c.o(i.I2C_delay)
    Init_HMC5883L                            0x08001937   Thumb Code    30  mpu9250.o(i.Init_HMC5883L)
    Init_MPU9250                             0x08001955   Thumb Code    58  mpu9250.o(i.Init_MPU9250)
    LCD_Clear                                0x08001991   Thumb Code    68  tft.o(i.LCD_Clear)
    LCD_GPIOInit                             0x080019d9   Thumb Code    40  tft.o(i.LCD_GPIOInit)
    LCD_Init                                 0x08001a05   Thumb Code   560  tft.o(i.LCD_Init)
    LCD_SetParam                             0x08001c35   Thumb Code    36  tft.o(i.LCD_SetParam)
    LCD_SetWindows                           0x08001c5d   Thumb Code    88  tft.o(i.LCD_SetWindows)
    LCD_ShowChar                             0x08001cb9   Thumb Code   170  tft.o(i.LCD_ShowChar)
    LCD_ShowString                           0x08001d6d   Thumb Code    50  tft.o(i.LCD_ShowString)
    LCD_WR_DATA                              0x08001da1   Thumb Code    20  tft.o(i.LCD_WR_DATA)
    LCD_WR_DATA_16Bit                        0x08001db9   Thumb Code    26  tft.o(i.LCD_WR_DATA_16Bit)
    LCD_WR_REG                               0x08001dd9   Thumb Code    20  tft.o(i.LCD_WR_REG)
    LCD_WriteRAM_Prepare                     0x08001df1   Thumb Code    12  tft.o(i.LCD_WriteRAM_Prepare)
    LCD_WriteReg                             0x08001e01   Thumb Code    20  tft.o(i.LCD_WriteReg)
    LCD_show_float                           0x08001e15   Thumb Code   578  tft.o(i.LCD_show_float)
    Moto_Init                                0x08002061   Thumb Code    72  moto.o(i.Moto_Init)
    Moto_Pwm                                 0x080020ad   Thumb Code    98  moto.o(i.Moto_Pwm)
    Multiple_Read_HMC5883L                   0x08002115   Thumb Code   458  mpu9250.o(i.Multiple_Read_HMC5883L)
    NVIC_Init                                0x08002309   Thumb Code   100  misc.o(i.NVIC_Init)
    NVIC_PriorityGroupConfig                 0x08002379   Thumb Code    10  misc.o(i.NVIC_PriorityGroupConfig)
    RCC_APB1PeriphClockCmd                   0x0800238d   Thumb Code    26  stm32f10x_rcc.o(i.RCC_APB1PeriphClockCmd)
    RCC_APB1PeriphResetCmd                   0x080023ad   Thumb Code    26  stm32f10x_rcc.o(i.RCC_APB1PeriphResetCmd)
    RCC_APB2PeriphClockCmd                   0x080023cd   Thumb Code    26  stm32f10x_rcc.o(i.RCC_APB2PeriphClockCmd)
    RCC_APB2PeriphResetCmd                   0x080023ed   Thumb Code    26  stm32f10x_rcc.o(i.RCC_APB2PeriphResetCmd)
    RCC_GetClocksFreq                        0x0800240d   Thumb Code   192  stm32f10x_rcc.o(i.RCC_GetClocksFreq)
    READ_MPU9250_ACCEL_GYRO                  0x080024e1   Thumb Code   376  mpu9250.o(i.READ_MPU9250_ACCEL_GYRO)
    SPIv_WriteData                           0x08002689   Thumb Code    60  tft.o(i.SPIv_WriteData)
    Single_Write                             0x080027b1   Thumb Code    66  i2c.o(i.Single_Write)
    SystemInit                               0x080027f5   Thumb Code    78  system_stm32f10x.o(i.SystemInit)
    TIM3_IRQHandler                          0x08002855   Thumb Code    50  main.o(i.TIM3_IRQHandler)
    TIM3_Init                                0x08002895   Thumb Code    80  time.o(i.TIM3_Init)
    TIM4_IRQHandler                          0x080028e9   Thumb Code    22  main.o(i.TIM4_IRQHandler)
    TIM4_Init                                0x08002909   Thumb Code    80  time.o(i.TIM4_Init)
    TIM_ARRPreloadConfig                     0x0800295d   Thumb Code    24  stm32f10x_tim.o(i.TIM_ARRPreloadConfig)
    TIM_ClearFlag                            0x08002975   Thumb Code     6  stm32f10x_tim.o(i.TIM_ClearFlag)
    TIM_ClearITPendingBit                    0x0800297b   Thumb Code     6  stm32f10x_tim.o(i.TIM_ClearITPendingBit)
    TIM_Cmd                                  0x08002981   Thumb Code    24  stm32f10x_tim.o(i.TIM_Cmd)
    TIM_DeInit                               0x08002999   Thumb Code   424  stm32f10x_tim.o(i.TIM_DeInit)
    TIM_ITConfig                             0x08002b81   Thumb Code    18  stm32f10x_tim.o(i.TIM_ITConfig)
    TIM_OC1Init                              0x08002b95   Thumb Code   132  stm32f10x_tim.o(i.TIM_OC1Init)
    TIM_OC1PreloadConfig                     0x08002c2d   Thumb Code    18  stm32f10x_tim.o(i.TIM_OC1PreloadConfig)
    TIM_OC2Init                              0x08002c41   Thumb Code   154  stm32f10x_tim.o(i.TIM_OC2Init)
    TIM_OC2PreloadConfig                     0x08002ce5   Thumb Code    26  stm32f10x_tim.o(i.TIM_OC2PreloadConfig)
    TIM_OC3Init                              0x08002d01   Thumb Code   150  stm32f10x_tim.o(i.TIM_OC3Init)
    TIM_OC3PreloadConfig                     0x08002da1   Thumb Code    18  stm32f10x_tim.o(i.TIM_OC3PreloadConfig)
    TIM_OC4Init                              0x08002db5   Thumb Code   114  stm32f10x_tim.o(i.TIM_OC4Init)
    TIM_OC4PreloadConfig                     0x08002e31   Thumb Code    26  stm32f10x_tim.o(i.TIM_OC4PreloadConfig)
    TIM_TimeBaseInit                         0x08002e4d   Thumb Code   122  stm32f10x_tim.o(i.TIM_TimeBaseInit)
    Tim2_init                                0x08002ef1   Thumb Code   172  moto.o(i.Tim2_init)
    USART1_Config                            0x08002fa1   Thumb Code   132  usart1.o(i.USART1_Config)
    USART1_IRQHandler                        0x0800302d   Thumb Code    38  main.o(i.USART1_IRQHandler)
    USART_ClearFlag                          0x0800305d   Thumb Code    18  stm32f10x_usart.o(i.USART_ClearFlag)
    USART_Cmd                                0x0800306f   Thumb Code    24  stm32f10x_usart.o(i.USART_Cmd)
    USART_ITConfig                           0x08003087   Thumb Code    74  stm32f10x_usart.o(i.USART_ITConfig)
    USART_Init                               0x080030d1   Thumb Code   210  stm32f10x_usart.o(i.USART_Init)
    __ARM_fpclassify                         0x080031a9   Thumb Code    40  fpclassify.o(i.__ARM_fpclassify)
    __ARM_fpclassifyf                        0x080031d1   Thumb Code    38  fpclassifyf.o(i.__ARM_fpclassifyf)
    __kernel_poly                            0x0800322b   Thumb Code   170  poly.o(i.__kernel_poly)
    __mathlib_dbl_divzero                    0x080032d5   Thumb Code    12  dunder.o(i.__mathlib_dbl_divzero)
    __mathlib_dbl_infnan2                    0x080032e5   Thumb Code     4  dunder.o(i.__mathlib_dbl_infnan2)
    __mathlib_dbl_invalid                    0x080032e9   Thumb Code    12  dunder.o(i.__mathlib_dbl_invalid)
    __mathlib_dbl_overflow                   0x080032f5   Thumb Code    14  dunder.o(i.__mathlib_dbl_overflow)
    __mathlib_dbl_underflow                  0x08003305   Thumb Code    10  dunder.o(i.__mathlib_dbl_underflow)
    __mathlib_flt_infnan                     0x08003315   Thumb Code     6  funder.o(i.__mathlib_flt_infnan)
    __mathlib_flt_invalid                    0x0800331b   Thumb Code     8  funder.o(i.__mathlib_flt_invalid)
    __mathlib_flt_underflow                  0x08003323   Thumb Code    10  funder.o(i.__mathlib_flt_underflow)
    __mathlib_rredf2                         0x0800332d   Thumb Code   344  rredf.o(i.__mathlib_rredf2)
    __scatterload_copy                       0x08003495   Thumb Code    14  handlers.o(i.__scatterload_copy)
    __scatterload_null                       0x080034a3   Thumb Code     2  handlers.o(i.__scatterload_null)
    __scatterload_zeroinit                   0x080034a5   Thumb Code    14  handlers.o(i.__scatterload_zeroinit)
    __set_errno                              0x080034b5   Thumb Code     6  errno.o(i.__set_errno)
    asinf                                    0x080034c1   Thumb Code   254  asinf.o(i.asinf)
    atanf                                    0x080035e5   Thumb Code   324  atanf.o(i.atanf)
    calculate_mpu_G                          0x08003761   Thumb Code   290  mpu9250.o(i.calculate_mpu_G)
    calculate_mpu_M                          0x08003899   Thumb Code   358  mpu9250.o(i.calculate_mpu_M)
    control                                  0x08003a21   Thumb Code  1544  control.o(i.control)
    delay_ms                                 0x08004079   Thumb Code    22  systick.o(i.delay_ms)
    delay_us                                 0x08004095   Thumb Code    22  systick.o(i.delay_us)
    get_hight                                0x080040ad   Thumb Code    48  main.o(i.get_hight)
    key_down                                 0x080040e5   Thumb Code    58  main.o(i.key_down)
    key_down_up                              0x08004129   Thumb Code    78  main.o(i.key_down_up)
    main                                     0x08004181   Thumb Code   974  main.o(i.main)
    pow                                      0x08004655   Thumb Code  2512  pow.o(i.pow)
    sinf                                     0x0800502d   Thumb Code   338  sinf.o(i.sinf)
    sqrt                                     0x080051b5   Thumb Code    76  sqrt.o(i.sqrt)
    sqrtf                                    0x08005201   Thumb Code    44  sqrtf.o(i.sqrtf)
    systick_delay                            0x0800522d   Thumb Code    44  systick.o(i.systick_delay)
    F8X16                                    0x08005258   Data        1520  tft.o(.constdata)
    __mathlib_zero                           0x080058d0   Data           8  qnan.o(.constdata)
    Region$$Table$$Base                      0x080058f8   Number         0  anon$$obj.o(Region$$Table)
    Region$$Table$$Limit                     0x08005918   Number         0  anon$$obj.o(Region$$Table)
    ctrl                                     0x20000000   Data           1  main.o(.data)
    instruction_flag                         0x20000001   Data           1  main.o(.data)
    H                                        0x20000004   Data           4  main.o(.data)
    H_old                                    0x20000008   Data           4  main.o(.data)
    V                                        0x2000000c   Data           4  main.o(.data)
    pitch_0                                  0x20000010   Data           4  main.o(.data)
    roll_0                                   0x20000014   Data           4  main.o(.data)
    yaw_0                                    0x20000018   Data           4  main.o(.data)
    sys_t                                    0x2000001c   Data           4  main.o(.data)
    gx                                       0x20000034   Data           4  mpu9250.o(.data)
    gy                                       0x20000038   Data           4  mpu9250.o(.data)
    gz                                       0x2000003c   Data           4  mpu9250.o(.data)
    ax                                       0x20000040   Data           4  mpu9250.o(.data)
    ay                                       0x20000044   Data           4  mpu9250.o(.data)
    az                                       0x20000048   Data           4  mpu9250.o(.data)
    mx                                       0x2000004c   Data           4  mpu9250.o(.data)
    my                                       0x20000050   Data           4  mpu9250.o(.data)
    mz                                       0x20000054   Data           4  mpu9250.o(.data)
    MOR                                      0x20000058   Data           4  mpu9250.o(.data)
    gx0                                      0x2000005c   Data           4  mpu9250.o(.data)
    gy0                                      0x20000060   Data           4  mpu9250.o(.data)
    gz0                                      0x20000064   Data           4  mpu9250.o(.data)
    mx_max                                   0x20000068   Data           4  mpu9250.o(.data)
    mx_min                                   0x2000006c   Data           4  mpu9250.o(.data)
    my_max                                   0x20000070   Data           4  mpu9250.o(.data)
    my_min                                   0x20000074   Data           4  mpu9250.o(.data)
    mz_max                                   0x20000078   Data           4  mpu9250.o(.data)
    mz_min                                   0x2000007c   Data           4  mpu9250.o(.data)
    PWM_1                                    0x20000084   Data           2  control.o(.data)
    PWM_2                                    0x20000086   Data           2  control.o(.data)
    PWM_3                                    0x20000088   Data           2  control.o(.data)
    PWM_4                                    0x2000008a   Data           2  control.o(.data)
    PWM_H                                    0x2000008c   Data           2  control.o(.data)
    PWM_B                                    0x20000090   Data           4  control.o(.data)
    control_time                             0x20000094   Data           1  control.o(.data)
    H_ctrl_time                              0x20000095   Data           1  control.o(.data)
    AQ                                       0x20000098   Data           4  cxw_attitude_algorithm.o(.data)
    AR                                       0x2000009c   Data           4  cxw_attitude_algorithm.o(.data)
    Acc_Q                                    0x200000a0   Data           4  cxw_attitude_algorithm.o(.data)
    Acc_R                                    0x200000a4   Data           4  cxw_attitude_algorithm.o(.data)
    AX                                       0x200000a8   Data           4  cxw_attitude_algorithm.o(.data)
    AY                                       0x200000ac   Data           4  cxw_attitude_algorithm.o(.data)
    GX                                       0x200000b0   Data           4  cxw_attitude_algorithm.o(.data)
    GY                                       0x200000b4   Data           4  cxw_attitude_algorithm.o(.data)
    GZ                                       0x200000b8   Data           4  cxw_attitude_algorithm.o(.data)
    Accp_X                                   0x200000bc   Data           4  cxw_attitude_algorithm.o(.data)
    Accp_Y                                   0x200000c0   Data           4  cxw_attitude_algorithm.o(.data)
    Acc_X                                    0x200000c4   Data           4  cxw_attitude_algorithm.o(.data)
    Acc_Y                                    0x200000c8   Data           4  cxw_attitude_algorithm.o(.data)
    BUF                                      0x20000128   Data          14  mpu9250.o(.bss)
    pid_pitch_in                             0x20000138   Data          20  control.o(.bss)
    pid_pitch_out                            0x2000014c   Data          20  control.o(.bss)
    pid_roll_in                              0x20000160   Data          20  control.o(.bss)
    pid_roll_out                             0x20000174   Data          20  control.o(.bss)
    pid_yaw_in                               0x20000188   Data          20  control.o(.bss)
    pid_yaw_out                              0x2000019c   Data          20  control.o(.bss)
    pid_h                                    0x200001b0   Data          20  control.o(.bss)
    pid_balance_par                          0x200001c4   Data          24  control.o(.bss)
    pid_h_par                                0x200001dc   Data          24  control.o(.bss)
    pid_roll_par                             0x200001f4   Data          24  control.o(.bss)
    angle                                    0x2000020c   Data          12  cxw_attitude_algorithm.o(.bss)
    lcddev                                   0x20000218   Data          14  tft.o(.bss)
    __initial_sp                             0x20000628   Data           0  startup_stm32f10x_hd.o(STACK)



==============================================================================

Memory Map of the image

  Image Entry point : 0x08000131

  Load Region LR_IROM1 (Base: 0x08000000, Size: 0x00005a40, Max: 0x00080000, ABSOLUTE)

    Execution Region ER_IROM1 (Exec base: 0x08000000, Load base: 0x08000000, Size: 0x00005918, Max: 0x00080000, ABSOLUTE)

    Exec Addr    Load Addr    Size         Type   Attr      Idx    E Section Name        Object

    0x08000000   0x08000000   0x00000130   Data   RO         2122    RESET               startup_stm32f10x_hd.o
    0x08000130   0x08000130   0x00000000   Code   RO         2207  * .ARM.Collect$$$$00000000  mc_w.l(entry.o)
    0x08000130   0x08000130   0x00000004   Code   RO         2300    .ARM.Collect$$$$00000001  mc_w.l(entry2.o)
    0x08000134   0x08000134   0x00000004   Code   RO         2303    .ARM.Collect$$$$00000004  mc_w.l(entry5.o)
    0x08000138   0x08000138   0x00000000   Code   RO         2305    .ARM.Collect$$$$00000008  mc_w.l(entry7b.o)
    0x08000138   0x08000138   0x00000000   Code   RO         2307    .ARM.Collect$$$$0000000A  mc_w.l(entry8b.o)
    0x08000138   0x08000138   0x00000008   Code   RO         2308    .ARM.Collect$$$$0000000B  mc_w.l(entry9a.o)
    0x08000140   0x08000140   0x00000000   Code   RO         2310    .ARM.Collect$$$$0000000D  mc_w.l(entry10a.o)
    0x08000140   0x08000140   0x00000000   Code   RO         2312    .ARM.Collect$$$$0000000F  mc_w.l(entry11a.o)
    0x08000140   0x08000140   0x00000004   Code   RO         2301    .ARM.Collect$$$$00002712  mc_w.l(entry2.o)
    0x08000144   0x08000144   0x00000024   Code   RO         2123    .text               startup_stm32f10x_hd.o
    0x08000168   0x08000168   0x00000062   Code   RO         2210    .text               mc_w.l(ldiv.o)
    0x080001ca   0x080001ca   0x000000b0   Code   RO         2212    .text               mf_w.l(fadd.o)
    0x0800027a   0x0800027a   0x00000064   Code   RO         2214    .text               mf_w.l(fmul.o)
    0x080002de   0x080002de   0x0000007c   Code   RO         2216    .text               mf_w.l(fdiv.o)
    0x0800035a   0x0800035a   0x0000014e   Code   RO         2218    .text               mf_w.l(dadd.o)
    0x080004a8   0x080004a8   0x000000e4   Code   RO         2220    .text               mf_w.l(dmul.o)
    0x0800058c   0x0800058c   0x000000de   Code   RO         2222    .text               mf_w.l(ddiv.o)
    0x0800066a   0x0800066a   0x00000012   Code   RO         2224    .text               mf_w.l(fflti.o)
    0x0800067c   0x0800067c   0x00000022   Code   RO         2226    .text               mf_w.l(dflti.o)
    0x0800069e   0x0800069e   0x00000028   Code   RO         2228    .text               mf_w.l(dfltl.o)
    0x080006c6   0x080006c6   0x00000028   Code   RO         2230    .text               mf_w.l(ffixui.o)
    0x080006ee   0x080006ee   0x0000004a   Code   RO         2232    .text               mf_w.l(dfixl.o)
    0x08000738   0x08000738   0x00000026   Code   RO         2234    .text               mf_w.l(f2d.o)
    0x0800075e   0x0800075e   0x00000002   PAD
    0x08000760   0x08000760   0x00000030   Code   RO         2236    .text               mf_w.l(cdcmple.o)
    0x08000790   0x08000790   0x00000030   Code   RO         2238    .text               mf_w.l(cdrcmple.o)
    0x080007c0   0x080007c0   0x00000038   Code   RO         2240    .text               mf_w.l(d2f.o)
    0x080007f8   0x080007f8   0x00000014   Code   RO         2242    .text               mf_w.l(cfcmple.o)
    0x0800080c   0x0800080c   0x00000014   Code   RO         2244    .text               mf_w.l(cfrcmple.o)
    0x08000820   0x08000820   0x00000062   Code   RO         2314    .text               mc_w.l(uldiv.o)
    0x08000882   0x08000882   0x0000001e   Code   RO         2316    .text               mc_w.l(llshl.o)
    0x080008a0   0x080008a0   0x00000020   Code   RO         2318    .text               mc_w.l(llushr.o)
    0x080008c0   0x080008c0   0x00000024   Code   RO         2320    .text               mc_w.l(llsshr.o)
    0x080008e4   0x080008e4   0x00000000   Code   RO         2329    .text               mc_w.l(iusefp.o)
    0x080008e4   0x080008e4   0x0000006e   Code   RO         2330    .text               mf_w.l(fepilogue.o)
    0x08000952   0x08000952   0x00000018   Code   RO         2332    .text               mf_w.l(fscalb.o)
    0x0800096a   0x0800096a   0x0000003c   Code   RO         2334    .text               mf_w.l(frnd.o)
    0x080009a6   0x080009a6   0x000000ba   Code   RO         2336    .text               mf_w.l(depilogue.o)
    0x08000a60   0x08000a60   0x0000002e   Code   RO         2338    .text               mf_w.l(dscalb.o)
    0x08000a8e   0x08000a8e   0x00000032   Code   RO         2340    .text               mf_w.l(ffixi.o)
    0x08000ac0   0x08000ac0   0x00000024   Code   RO         2342    .text               mc_w.l(init.o)
    0x08000ae4   0x08000ae4   0x0000005e   Code   RO         2344    .text               mf_w.l(fsqrt.o)
    0x08000b42   0x08000b42   0x000000a2   Code   RO         2346    .text               mf_w.l(dsqrt.o)
    0x08000be4   0x08000be4   0x0000000a   Code   RO         2348    .text               mf_w.l(ffltui.o)
    0x08000bee   0x08000bee   0x00000002   PAD
    0x08000bf0   0x08000bf0   0x00000088   Code   RO          545    i.AccX_Kalman       cxw_attitude_algorithm.o
    0x08000c78   0x08000c78   0x00000088   Code   RO          546    i.AccY_Kalman       cxw_attitude_algorithm.o
    0x08000d00   0x08000d00   0x00000088   Code   RO          547    i.AngleX_Kalman     cxw_attitude_algorithm.o
    0x08000d88   0x08000d88   0x00000088   Code   RO          548    i.AngleY_Kalman     cxw_attitude_algorithm.o
    0x08000e10   0x08000e10   0x000000e0   Code   RO            4    i.EXTI4_IRQHandler  main.o
    0x08000ef0   0x08000ef0   0x0000000c   Code   RO          812    i.EXTI_ClearITPendingBit  stm32f10x_exti.o
    0x08000efc   0x08000efc   0x00000048   Code   RO          739    i.EXTI_Config       exti.o
    0x08000f44   0x08000f44   0x00000094   Code   RO          817    i.EXTI_Init         stm32f10x_exti.o
    0x08000fd8   0x08000fd8   0x00000040   Code   RO          880    i.GPIO_EXTILineConfig  stm32f10x_gpio.o
    0x08001018   0x08001018   0x00000116   Code   RO          883    i.GPIO_Init         stm32f10x_gpio.o
    0x0800112e   0x0800112e   0x00000012   Code   RO          887    i.GPIO_ReadInputDataBit  stm32f10x_gpio.o
    0x08001140   0x08001140   0x00000004   Code   RO          890    i.GPIO_ResetBits    stm32f10x_gpio.o
    0x08001144   0x08001144   0x00000004   Code   RO          891    i.GPIO_SetBits      stm32f10x_gpio.o
    0x08001148   0x08001148   0x00000518   Code   RO          550    i.Get_Angle         cxw_attitude_algorithm.o
    0x08001660   0x08001660   0x00000098   Code   RO            5    i.H_Kalman          main.o
    0x080016f8   0x080016f8   0x00000034   Code   RO          176    i.I2C_Ack           i2c.o
    0x0800172c   0x0800172c   0x00000044   Code   RO          177    i.I2C_GPIO_Config   i2c.o
    0x08001770   0x08001770   0x00000034   Code   RO          178    i.I2C_NoAck         i2c.o
    0x080017a4   0x080017a4   0x00000054   Code   RO          179    i.I2C_RadeByte      i2c.o
    0x080017f8   0x080017f8   0x00000054   Code   RO          180    i.I2C_SendByte      i2c.o
    0x0800184c   0x0800184c   0x00000058   Code   RO          181    i.I2C_Start         i2c.o
    0x080018a4   0x080018a4   0x00000034   Code   RO          182    i.I2C_Stop          i2c.o
    0x080018d8   0x080018d8   0x00000050   Code   RO          183    i.I2C_WaitAck       i2c.o
    0x08001928   0x08001928   0x0000000e   Code   RO          184    i.I2C_delay         i2c.o
    0x08001936   0x08001936   0x0000001e   Code   RO          415    i.Init_HMC5883L     mpu9250.o
    0x08001954   0x08001954   0x0000003a   Code   RO          416    i.Init_MPU9250      mpu9250.o
    0x0800198e   0x0800198e   0x00000002   PAD
    0x08001990   0x08001990   0x00000048   Code   RO          608    i.LCD_Clear         tft.o
    0x080019d8   0x080019d8   0x0000002c   Code   RO          610    i.LCD_GPIOInit      tft.o
    0x08001a04   0x08001a04   0x00000230   Code   RO          611    i.LCD_Init          tft.o
    0x08001c34   0x08001c34   0x00000028   Code   RO          613    i.LCD_SetParam      tft.o
    0x08001c5c   0x08001c5c   0x0000005c   Code   RO          614    i.LCD_SetWindows    tft.o
    0x08001cb8   0x08001cb8   0x000000b4   Code   RO          615    i.LCD_ShowChar      tft.o
    0x08001d6c   0x08001d6c   0x00000032   Code   RO          616    i.LCD_ShowString    tft.o
    0x08001d9e   0x08001d9e   0x00000002   PAD
    0x08001da0   0x08001da0   0x00000018   Code   RO          617    i.LCD_WR_DATA       tft.o
    0x08001db8   0x08001db8   0x00000020   Code   RO          618    i.LCD_WR_DATA_16Bit  tft.o
    0x08001dd8   0x08001dd8   0x00000018   Code   RO          619    i.LCD_WR_REG        tft.o
    0x08001df0   0x08001df0   0x00000010   Code   RO          620    i.LCD_WriteRAM_Prepare  tft.o
    0x08001e00   0x08001e00   0x00000014   Code   RO          621    i.LCD_WriteReg      tft.o
    0x08001e14   0x08001e14   0x0000024c   Code   RO          622    i.LCD_show_float    tft.o
    0x08002060   0x08002060   0x0000004c   Code   RO          480    i.Moto_Init         moto.o
    0x080020ac   0x080020ac   0x00000068   Code   RO          481    i.Moto_Pwm          moto.o
    0x08002114   0x08002114   0x000001f4   Code   RO          417    i.Multiple_Read_HMC5883L  mpu9250.o
    0x08002308   0x08002308   0x00000070   Code   RO          763    i.NVIC_Init         misc.o
    0x08002378   0x08002378   0x00000014   Code   RO          764    i.NVIC_PriorityGroupConfig  misc.o
    0x0800238c   0x0800238c   0x00000020   Code   RO         1005    i.RCC_APB1PeriphClockCmd  stm32f10x_rcc.o
    0x080023ac   0x080023ac   0x00000020   Code   RO         1006    i.RCC_APB1PeriphResetCmd  stm32f10x_rcc.o
    0x080023cc   0x080023cc   0x00000020   Code   RO         1007    i.RCC_APB2PeriphClockCmd  stm32f10x_rcc.o
    0x080023ec   0x080023ec   0x00000020   Code   RO         1008    i.RCC_APB2PeriphResetCmd  stm32f10x_rcc.o
    0x0800240c   0x0800240c   0x000000d4   Code   RO         1015    i.RCC_GetClocksFreq  stm32f10x_rcc.o
    0x080024e0   0x080024e0   0x000001a8   Code   RO          418    i.READ_MPU9250_ACCEL_GYRO  mpu9250.o
    0x08002688   0x08002688   0x00000040   Code   RO          623    i.SPIv_WriteData    tft.o
    0x080026c8   0x080026c8   0x00000008   Code   RO         2130    i.SetSysClock       system_stm32f10x.o
    0x080026d0   0x080026d0   0x000000e0   Code   RO         2131    i.SetSysClockTo72   system_stm32f10x.o
    0x080027b0   0x080027b0   0x00000042   Code   RO          186    i.Single_Write      i2c.o
    0x080027f2   0x080027f2   0x00000002   PAD
    0x080027f4   0x080027f4   0x00000060   Code   RO         2133    i.SystemInit        system_stm32f10x.o
    0x08002854   0x08002854   0x00000040   Code   RO            6    i.TIM3_IRQHandler   main.o
    0x08002894   0x08002894   0x00000054   Code   RO          380    i.TIM3_Init         time.o
    0x080028e8   0x080028e8   0x00000020   Code   RO            7    i.TIM4_IRQHandler   main.o
    0x08002908   0x08002908   0x00000054   Code   RO          381    i.TIM4_Init         time.o
    0x0800295c   0x0800295c   0x00000018   Code   RO         1375    i.TIM_ARRPreloadConfig  stm32f10x_tim.o
    0x08002974   0x08002974   0x00000006   Code   RO         1381    i.TIM_ClearFlag     stm32f10x_tim.o
    0x0800297a   0x0800297a   0x00000006   Code   RO         1382    i.TIM_ClearITPendingBit  stm32f10x_tim.o
    0x08002980   0x08002980   0x00000018   Code   RO         1387    i.TIM_Cmd           stm32f10x_tim.o
    0x08002998   0x08002998   0x000001e8   Code   RO         1392    i.TIM_DeInit        stm32f10x_tim.o
    0x08002b80   0x08002b80   0x00000012   Code   RO         1412    i.TIM_ITConfig      stm32f10x_tim.o
    0x08002b92   0x08002b92   0x00000002   PAD
    0x08002b94   0x08002b94   0x00000098   Code   RO         1416    i.TIM_OC1Init       stm32f10x_tim.o
    0x08002c2c   0x08002c2c   0x00000012   Code   RO         1419    i.TIM_OC1PreloadConfig  stm32f10x_tim.o
    0x08002c3e   0x08002c3e   0x00000002   PAD
    0x08002c40   0x08002c40   0x000000a4   Code   RO         1421    i.TIM_OC2Init       stm32f10x_tim.o
    0x08002ce4   0x08002ce4   0x0000001a   Code   RO         1424    i.TIM_OC2PreloadConfig  stm32f10x_tim.o
    0x08002cfe   0x08002cfe   0x00000002   PAD
    0x08002d00   0x08002d00   0x000000a0   Code   RO         1426    i.TIM_OC3Init       stm32f10x_tim.o
    0x08002da0   0x08002da0   0x00000012   Code   RO         1429    i.TIM_OC3PreloadConfig  stm32f10x_tim.o
    0x08002db2   0x08002db2   0x00000002   PAD
    0x08002db4   0x08002db4   0x0000007c   Code   RO         1431    i.TIM_OC4Init       stm32f10x_tim.o
    0x08002e30   0x08002e30   0x0000001a   Code   RO         1433    i.TIM_OC4PreloadConfig  stm32f10x_tim.o
    0x08002e4a   0x08002e4a   0x00000002   PAD
    0x08002e4c   0x08002e4c   0x000000a4   Code   RO         1458    i.TIM_TimeBaseInit  stm32f10x_tim.o
    0x08002ef0   0x08002ef0   0x000000b0   Code   RO          482    i.Tim2_init         moto.o
    0x08002fa0   0x08002fa0   0x0000008c   Code   RO          263    i.USART1_Config     usart1.o
    0x0800302c   0x0800302c   0x00000030   Code   RO            8    i.USART1_IRQHandler  main.o
    0x0800305c   0x0800305c   0x00000012   Code   RO         1931    i.USART_ClearFlag   stm32f10x_usart.o
    0x0800306e   0x0800306e   0x00000018   Code   RO         1935    i.USART_Cmd         stm32f10x_usart.o
    0x08003086   0x08003086   0x0000004a   Code   RO         1941    i.USART_ITConfig    stm32f10x_usart.o
    0x080030d0   0x080030d0   0x000000d8   Code   RO         1942    i.USART_Init        stm32f10x_usart.o
    0x080031a8   0x080031a8   0x00000028   Code   RO         2260    i.__ARM_fpclassify  m_ws.l(fpclassify.o)
    0x080031d0   0x080031d0   0x00000026   Code   RO         2262    i.__ARM_fpclassifyf  m_ws.l(fpclassifyf.o)
    0x080031f6   0x080031f6   0x0000001a   Code   RO          267    i.__NVIC_EnableIRQ  usart1.o
    0x08003210   0x08003210   0x0000001a   Code   RO          382    i.__NVIC_EnableIRQ  time.o
    0x0800322a   0x0800322a   0x000000aa   Code   RO         2278    i.__kernel_poly     m_ws.l(poly.o)
    0x080032d4   0x080032d4   0x00000010   Code   RO         2246    i.__mathlib_dbl_divzero  m_ws.l(dunder.o)
    0x080032e4   0x080032e4   0x00000004   Code   RO         2248    i.__mathlib_dbl_infnan2  m_ws.l(dunder.o)
    0x080032e8   0x080032e8   0x0000000c   Code   RO         2249    i.__mathlib_dbl_invalid  m_ws.l(dunder.o)
    0x080032f4   0x080032f4   0x0000000e   Code   RO         2250    i.__mathlib_dbl_overflow  m_ws.l(dunder.o)
    0x08003302   0x08003302   0x00000002   PAD
    0x08003304   0x08003304   0x00000010   Code   RO         2252    i.__mathlib_dbl_underflow  m_ws.l(dunder.o)
    0x08003314   0x08003314   0x00000006   Code   RO         2265    i.__mathlib_flt_infnan  m_ws.l(funder.o)
    0x0800331a   0x0800331a   0x00000008   Code   RO         2267    i.__mathlib_flt_invalid  m_ws.l(funder.o)
    0x08003322   0x08003322   0x0000000a   Code   RO         2270    i.__mathlib_flt_underflow  m_ws.l(funder.o)
    0x0800332c   0x0800332c   0x00000168   Code   RO         2281    i.__mathlib_rredf2  m_ws.l(rredf.o)
    0x08003494   0x08003494   0x0000000e   Code   RO         2352    i.__scatterload_copy  mc_w.l(handlers.o)
    0x080034a2   0x080034a2   0x00000002   Code   RO         2353    i.__scatterload_null  mc_w.l(handlers.o)
    0x080034a4   0x080034a4   0x0000000e   Code   RO         2354    i.__scatterload_zeroinit  mc_w.l(handlers.o)
    0x080034b2   0x080034b2   0x00000002   PAD
    0x080034b4   0x080034b4   0x0000000c   Code   RO         2324    i.__set_errno       mc_w.l(errno.o)
    0x080034c0   0x080034c0   0x00000124   Code   RO         2174    i.asinf             m_ws.l(asinf.o)
    0x080035e4   0x080035e4   0x0000017c   Code   RO         2182    i.atanf             m_ws.l(atanf.o)
    0x08003760   0x08003760   0x00000138   Code   RO          419    i.calculate_mpu_G   mpu9250.o
    0x08003898   0x08003898   0x00000188   Code   RO          420    i.calculate_mpu_M   mpu9250.o
    0x08003a20   0x08003a20   0x00000658   Code   RO          516    i.control           control.o
    0x08004078   0x08004078   0x0000001c   Code   RO          344    i.delay_ms          systick.o
    0x08004094   0x08004094   0x00000016   Code   RO          345    i.delay_us          systick.o
    0x080040aa   0x080040aa   0x00000002   PAD
    0x080040ac   0x080040ac   0x00000038   Code   RO            9    i.get_hight         main.o
    0x080040e4   0x080040e4   0x00000044   Code   RO           10    i.key_down          main.o
    0x08004128   0x08004128   0x00000058   Code   RO           11    i.key_down_up       main.o
    0x08004180   0x08004180   0x000004d4   Code   RO           12    i.main              main.o
    0x08004654   0x08004654   0x000009d8   Code   RO         2190    i.pow               m_ws.l(pow.o)
    0x0800502c   0x0800502c   0x00000188   Code   RO         2200    i.sinf              m_ws.l(sinf.o)
    0x080051b4   0x080051b4   0x0000004c   Code   RO         2285    i.sqrt              m_ws.l(sqrt.o)
    0x08005200   0x08005200   0x0000002c   Code   RO         2293    i.sqrtf             m_ws.l(sqrtf.o)
    0x0800522c   0x0800522c   0x0000002c   Code   RO          346    i.systick_delay     systick.o
    0x08005258   0x08005258   0x000005f0   Data   RO          625    .constdata          tft.o
    0x08005848   0x08005848   0x00000088   Data   RO         2191    .constdata          m_ws.l(pow.o)
    0x080058d0   0x080058d0   0x00000008   Data   RO         2280    .constdata          m_ws.l(qnan.o)
    0x080058d8   0x080058d8   0x00000020   Data   RO         2282    .constdata          m_ws.l(rredf.o)
    0x080058f8   0x080058f8   0x00000020   Data   RO         2350    Region$$Table       anon$$obj.o


    Execution Region RW_IRAM1 (Exec base: 0x20000000, Load base: 0x08005918, Size: 0x00000628, Max: 0x00010000, ABSOLUTE)

    Exec Addr    Load Addr    Size         Type   Attr      Idx    E Section Name        Object

    0x20000000   0x08005918   0x00000031   Data   RW           13    .data               main.o
    0x20000031   0x08005949   0x00000003   PAD
    0x20000034   0x0800594c   0x0000004d   Data   RW          422    .data               mpu9250.o
    0x20000081   0x08005999   0x00000003   PAD
    0x20000084   0x0800599c   0x00000013   Data   RW          518    .data               control.o
    0x20000097   0x080059af   0x00000001   PAD
    0x20000098   0x080059b0   0x00000078   Data   RW          552    .data               cxw_attitude_algorithm.o
    0x20000110   0x08005a28   0x00000014   Data   RW         1035    .data               stm32f10x_rcc.o
    0x20000124   0x08005a3c   0x00000004   Data   RW         2325    .data               mc_w.l(errno.o)
    0x20000128        -       0x0000000e   Zero   RW          421    .bss                mpu9250.o
    0x20000136   0x08005a40   0x00000002   PAD
    0x20000138        -       0x000000d4   Zero   RW          517    .bss                control.o
    0x2000020c        -       0x0000000c   Zero   RW          551    .bss                cxw_attitude_algorithm.o
    0x20000218        -       0x0000000e   Zero   RW          624    .bss                tft.o
    0x20000226   0x08005a40   0x00000002   PAD
    0x20000228        -       0x00000400   Zero   RW         2120    STACK               startup_stm32f10x_hd.o


==============================================================================

Image component sizes


      Code (inc. data)   RO Data    RW Data    ZI Data      Debug   Object Name

      1624        184          0         19        212       1761   control.o
      1848        208          0        120         12       5009   cxw_attitude_algorithm.o
        72          4          0          0          0        538   exti.o
       640         38          0          0          0       5266   i2c.o
      1968        386          0         49          0     262559   main.o
       132         22          0          0          0       1703   misc.o
       356         14          0          0          0       1811   moto.o
      1716        146          0         77         14       5821   mpu9250.o
        36          8        304          0       1024        828   startup_stm32f10x_hd.o
       160         12          0          0          0       1673   stm32f10x_exti.o
       368          4          0          0          0       4570   stm32f10x_gpio.o
       340         44          0         20          0       5848   stm32f10x_rcc.o
      1418        156          0          0          0      10680   stm32f10x_tim.o
       332          6          0          0          0       4496   stm32f10x_usart.o
       328         28          0          0          0       2101   system_stm32f10x.o
        94          6          0          0          0       1490   systick.o
      1806         58       1520          0         14      10842   tft.o
       194          8          0          0          0       1604   time.o
       166          8          0          0          0      26307   usart1.o

    ----------------------------------------------------------------------
     13616       1340       1856        292       1280     354907   Object Totals
         0          0         32          0          0          0   (incl. Generated)
        18          0          0          7          4          0   (incl. Padding)

    ----------------------------------------------------------------------

      Code (inc. data)   RO Data    RW Data    ZI Data      Debug   Library Member Name

       292         38          0          0          0        120   asinf.o
       380         56          0          0          0        108   atanf.o
        62         10          0          0          0        340   dunder.o
        40          0          0          0          0         68   fpclassify.o
        38          0          0          0          0         68   fpclassifyf.o
        24          0          0          0          0        204   funder.o
       170          0          0          0          0         96   poly.o
      2520        190        136          0          0        324   pow.o
         0          0          8          0          0          0   qnan.o
       360         16         32          0          0         88   rredf.o
       392         54          0          0          0        124   sinf.o
        76          0          0          0          0         84   sqrt.o
        44          0          0          0          0         80   sqrtf.o
         0          0          0          0          0          0   entry.o
         0          0          0          0          0          0   entry10a.o
         0          0          0          0          0          0   entry11a.o
         8          4          0          0          0          0   entry2.o
         4          0          0          0          0          0   entry5.o
         0          0          0          0          0          0   entry7b.o
         0          0          0          0          0          0   entry8b.o
         8          4          0          0          0          0   entry9a.o
        12          6          0          4          0         68   errno.o
        30          0          0          0          0          0   handlers.o
        36          8          0          0          0         68   init.o
         0          0          0          0          0          0   iusefp.o
        98          0          0          0          0         84   ldiv.o
        30          0          0          0          0         68   llshl.o
        36          0          0          0          0         68   llsshr.o
        32          0          0          0          0         68   llushr.o
        98          0          0          0          0         92   uldiv.o
        48          0          0          0          0         68   cdcmple.o
        48          0          0          0          0         68   cdrcmple.o
        20          0          0          0          0         68   cfcmple.o
        20          0          0          0          0         68   cfrcmple.o
        56          0          0          0          0         88   d2f.o
       334          0          0          0          0        148   dadd.o
       222          0          0          0          0        100   ddiv.o
       186          0          0          0          0        176   depilogue.o
        74          0          0          0          0         80   dfixl.o
        34          0          0          0          0         76   dflti.o
        40          0          0          0          0         80   dfltl.o
       228          0          0          0          0         96   dmul.o
        46          0          0          0          0         80   dscalb.o
       162          0          0          0          0        100   dsqrt.o
        38          0          0          0          0         68   f2d.o
       176          0          0          0          0        140   fadd.o
       124          0          0          0          0         88   fdiv.o
       110          0          0          0          0        168   fepilogue.o
        50          0          0          0          0         68   ffixi.o
        40          0          0          0          0         68   ffixui.o
        18          0          0          0          0         68   fflti.o
        10          0          0          0          0         68   ffltui.o
       100          0          0          0          0         76   fmul.o
        60          0          0          0          0         76   frnd.o
        24          0          0          0          0         68   fscalb.o
        94          0          0          0          0         96   fsqrt.o

    ----------------------------------------------------------------------
      7160        386        176          4          0       4568   Library Totals
         8          0          0          0          0          0   (incl. Padding)

    ----------------------------------------------------------------------

      Code (inc. data)   RO Data    RW Data    ZI Data      Debug   Library Name

      4398        364        176          0          0       1704   m_ws.l
       392         22          0          4          0        516   mc_w.l
      2362          0          0          0          0       2348   mf_w.l

    ----------------------------------------------------------------------
      7160        386        176          4          0       4568   Library Totals

    ----------------------------------------------------------------------

==============================================================================


      Code (inc. data)   RO Data    RW Data    ZI Data      Debug   

     20776       1726       2032        296       1280     352399   Grand Totals
     20776       1726       2032        296       1280     352399   ELF Image Totals
     20776       1726       2032        296          0          0   ROM Totals

==============================================================================

    Total RO  Size (Code + RO Data)                22808 (  22.27kB)
    Total RW  Size (RW Data + ZI Data)              1576 (   1.54kB)
    Total ROM Size (Code + RO Data + RW Data)      23104 (  22.56kB)

==============================================================================

